Log testi: 2025-06-23T17:28:05.991126
2025-06-23 17:28:05,993 - INFO - Flask logging başlatıldı
2025-06-23 17:28:43,300 - INFO - Disk'ten veri okunup önbelleğe alındı: customers-1000.csv
2025-06-23 17:28:43,302 - INFO - Dosya başarıyla okundu: C:\Users\mhmtm\Desktop\project\Project\master\uploads\customers-1000.csv
2025-06-23 17:28:43,303 - INFO - Önbellekten veri getiriliyor: customers-1000.csv
2025-06-23 17:28:45,696 - INFO - Aranan grafik dosyası: C:\Users\mhmtm\Desktop\project\Project\master\app\static\outputs\sdadasddas_raw.html
2025-06-23 17:28:45,733 - INFO - Aranan grafik dosyası: C:\Users\mhmtm\Desktop\project\Project\master\app\static\outputs\sdadasddas_raw.html
2025-06-23 17:28:45,775 - INFO - State machine işlemi tamamlandı. İşlenmiş veri şuraya kaydedildi: C:\Users\mhmtm\Desktop\project\Project\master\app/static/temp\processed_19c87965ea264f2dae0877cf9de2c6b5.csv
2025-06-23 17:28:58,241 - INFO - Suitability check for project 'sdadasddas' with processes: [{'name': 'StripSpecialChars'}]
2025-06-23 17:28:58,251 - INFO - Disk'ten veri okunup önbelleğe alındı: customers-1000.csv
2025-06-23 17:29:15,478 - INFO - Disk'ten veri okunup önbelleğe alındı: customers-1000.csv
2025-06-23 17:29:15,478 - INFO - Dosya başarıyla okundu: C:\Users\mhmtm\Desktop\project\Project\master\uploads\customers-1000.csv
2025-06-23 17:29:15,479 - INFO - Önbellekten veri getiriliyor: customers-1000.csv
2025-06-23 17:29:15,741 - INFO - State machine işlemi tamamlandı. İşlenmiş veri şuraya kaydedildi: C:\Users\mhmtm\Desktop\project\Project\master\app/static/temp\processed_6871d921465a40219d5fcbcb536afd78.csv
2025-06-23 17:29:18,654 - INFO - Aranan grafik dosyası: C:\Users\mhmtm\Desktop\project\Project\master\app\static\outputs\sdadasddas_raw.html
2025-06-23 17:29:18,658 - INFO - Aranan JSON grafik dosyası: C:\Users\mhmtm\Desktop\project\Project\master\app\static\outputs\sdadasddas_refined.json
2025-06-23 17:29:18,666 - INFO - Aranan grafik dosyası: C:\Users\mhmtm\Desktop\project\Project\master\app\static\outputs\sdadasddas_raw.html
2025-06-23 17:29:20,646 - INFO - Aranan JSON grafik dosyası: C:\Users\mhmtm\Desktop\project\Project\master\app\static\outputs\sdadasddas_refined.json
2025-06-23 17:29:22,648 - INFO - Aranan JSON grafik dosyası: C:\Users\mhmtm\Desktop\project\Project\master\app\static\outputs\sdadasddas_refined.json
2025-06-23 17:29:25,115 - INFO - Aranan JSON grafik dosyası: C:\Users\mhmtm\Desktop\project\Project\master\app\static\outputs\sdadasddas_refined.json
2025-06-23 17:29:27,122 - INFO - Aranan JSON grafik dosyası: C:\Users\mhmtm\Desktop\project\Project\master\app\static\outputs\sdadasddas_refined.json
2025-06-23 17:29:29,109 - INFO - Aranan JSON grafik dosyası: C:\Users\mhmtm\Desktop\project\Project\master\app\static\outputs\sdadasddas_refined.json
2025-06-23 17:29:31,112 - INFO - Aranan JSON grafik dosyası: C:\Users\mhmtm\Desktop\project\Project\master\app\static\outputs\sdadasddas_refined.json
2025-06-23 17:29:33,110 - INFO - Aranan JSON grafik dosyası: C:\Users\mhmtm\Desktop\project\Project\master\app\static\outputs\sdadasddas_refined.json
2025-06-23 17:29:35,117 - INFO - Aranan JSON grafik dosyası: C:\Users\mhmtm\Desktop\project\Project\master\app\static\outputs\sdadasddas_refined.json
2025-06-23 17:29:37,118 - INFO - Aranan JSON grafik dosyası: C:\Users\mhmtm\Desktop\project\Project\master\app\static\outputs\sdadasddas_refined.json
2025-06-23 17:29:39,117 - INFO - Aranan JSON grafik dosyası: C:\Users\mhmtm\Desktop\project\Project\master\app\static\outputs\sdadasddas_refined.json
2025-06-23 17:29:41,108 - INFO - Aranan JSON grafik dosyası: C:\Users\mhmtm\Desktop\project\Project\master\app\static\outputs\sdadasddas_refined.json
2025-06-23 17:29:43,113 - INFO - Aranan JSON grafik dosyası: C:\Users\mhmtm\Desktop\project\Project\master\app\static\outputs\sdadasddas_refined.json
2025-06-23 17:29:45,115 - INFO - Aranan JSON grafik dosyası: C:\Users\mhmtm\Desktop\project\Project\master\app\static\outputs\sdadasddas_refined.json
2025-06-23 17:29:47,119 - INFO - Aranan JSON grafik dosyası: C:\Users\mhmtm\Desktop\project\Project\master\app\static\outputs\sdadasddas_refined.json
2025-06-23 17:29:49,114 - INFO - Aranan JSON grafik dosyası: C:\Users\mhmtm\Desktop\project\Project\master\app\static\outputs\sdadasddas_refined.json
2025-06-23 17:29:51,118 - INFO - Aranan JSON grafik dosyası: C:\Users\mhmtm\Desktop\project\Project\master\app\static\outputs\sdadasddas_refined.json
2025-06-23 17:29:53,110 - INFO - Aranan JSON grafik dosyası: C:\Users\mhmtm\Desktop\project\Project\master\app\static\outputs\sdadasddas_refined.json
2025-06-23 17:29:55,120 - INFO - Aranan JSON grafik dosyası: C:\Users\mhmtm\Desktop\project\Project\master\app\static\outputs\sdadasddas_refined.json
2025-06-23 17:29:57,107 - INFO - Aranan JSON grafik dosyası: C:\Users\mhmtm\Desktop\project\Project\master\app\static\outputs\sdadasddas_refined.json
