Log testi: 2025-06-23T18:03:34.549854
2025-06-23 18:03:34,553 - INFO - Flask logging başlatıldı
2025-06-23 18:03:50,466 - INFO - Disk'ten veri okunup önbelleğe alındı: customers-1000.csv
2025-06-23 18:03:50,467 - INFO - Dosya başarıyla okundu: C:\Users\mhmtm\Desktop\project\Project\master\uploads\customers-1000.csv
2025-06-23 18:03:50,468 - INFO - Önbellekten veri getiriliyor: customers-1000.csv
2025-06-23 18:03:52,094 - INFO - State machine işlemi tamamlandı. İşlenmiş veri şuraya kaydedildi: C:\Users\mhmtm\Desktop\project\Project\master\app/static/temp\processed_a57cc1d1c662411caa00f7ff37612644.csv
2025-06-23 18:03:52,487 - INFO - Aranan JSON grafik dosyası: C:\Users\mhmtm\Desktop\project\Project\master\app\static\outputs\emin3_raw.json
2025-06-23 18:03:54,486 - INFO - Aranan JSON grafik dosyası: C:\Users\mhmtm\Desktop\project\Project\master\app\static\outputs\emin3_raw.json
2025-06-23 18:03:57,110 - INFO - Aranan JSON grafik dosyası: C:\Users\mhmtm\Desktop\project\Project\master\app\static\outputs\emin3_raw.json
2025-06-23 18:03:59,112 - INFO - Aranan JSON grafik dosyası: C:\Users\mhmtm\Desktop\project\Project\master\app\static\outputs\emin3_raw.json
2025-06-23 18:04:01,108 - INFO - Aranan JSON grafik dosyası: C:\Users\mhmtm\Desktop\project\Project\master\app\static\outputs\emin3_raw.json
2025-06-23 18:04:03,118 - INFO - Aranan JSON grafik dosyası: C:\Users\mhmtm\Desktop\project\Project\master\app\static\outputs\emin3_raw.json
2025-06-23 18:04:05,113 - INFO - Aranan JSON grafik dosyası: C:\Users\mhmtm\Desktop\project\Project\master\app\static\outputs\emin3_raw.json
2025-06-23 18:04:07,115 - INFO - Aranan JSON grafik dosyası: C:\Users\mhmtm\Desktop\project\Project\master\app\static\outputs\emin3_raw.json
2025-06-23 18:04:09,113 - INFO - Aranan JSON grafik dosyası: C:\Users\mhmtm\Desktop\project\Project\master\app\static\outputs\emin3_raw.json
2025-06-23 18:04:11,121 - INFO - Aranan JSON grafik dosyası: C:\Users\mhmtm\Desktop\project\Project\master\app\static\outputs\emin3_raw.json
2025-06-23 18:04:13,121 - INFO - Aranan JSON grafik dosyası: C:\Users\mhmtm\Desktop\project\Project\master\app\static\outputs\emin3_raw.json
2025-06-23 18:04:15,118 - INFO - Aranan JSON grafik dosyası: C:\Users\mhmtm\Desktop\project\Project\master\app\static\outputs\emin3_raw.json
2025-06-23 18:04:17,120 - INFO - Aranan JSON grafik dosyası: C:\Users\mhmtm\Desktop\project\Project\master\app\static\outputs\emin3_raw.json
2025-06-23 18:04:19,110 - INFO - Aranan JSON grafik dosyası: C:\Users\mhmtm\Desktop\project\Project\master\app\static\outputs\emin3_raw.json
2025-06-23 18:04:21,108 - INFO - Aranan JSON grafik dosyası: C:\Users\mhmtm\Desktop\project\Project\master\app\static\outputs\emin3_raw.json
2025-06-23 18:04:23,117 - INFO - Aranan JSON grafik dosyası: C:\Users\mhmtm\Desktop\project\Project\master\app\static\outputs\emin3_raw.json
