Log testi: 2025-06-21T19:40:42.194554
2025-06-21 19:40:42,200 - INFO - Flask logging başlatıldı
2025-06-21 19:41:12,451 - INFO - Disk'ten veri okunup önbelleğe alındı: less_dirty_payments.csv
2025-06-21 19:41:12,452 - INFO - Dosya başarıyla okundu: C:\Users\mhmtm\Desktop\project\Project\master\uploads\less_dirty_payments.csv
2025-06-21 19:41:12,453 - INFO - Önbellekten veri getiriliyor: less_dirty_payments.csv
2025-06-21 19:41:14,533 - INFO - Aranan grafik dosyası: C:\Users\mhmtm\Desktop\project\Project\master\app\static\outputs\adsdadad_raw.html
2025-06-21 19:41:14,551 - INFO - State machine işlemi tamamlandı. İşlenmiş veri şuraya kaydedildi: C:\Users\mhmtm\Desktop\project\Project\master\app/static/temp\processed_3c50d9829b31402bacbeca72b9768a5c.csv
2025-06-21 19:41:14,557 - INFO - Aranan grafik dosyası: C:\Users\mhmtm\Desktop\project\Project\master\app\static\outputs\adsdadad_raw.html
2025-06-21 19:41:18,143 - INFO - Suitability check for project 'adsdadad' with processes: [{'name': 'RemoveWhitespace'}]
2025-06-21 19:41:18,147 - INFO - Disk'ten veri okunup önbelleğe alındı: less_dirty_payments.csv
2025-06-21 19:41:46,622 - INFO - Disk'ten veri okunup önbelleğe alındı: Amazon stock data 2000-2025.csv
2025-06-21 19:41:46,631 - INFO - Dosya başarıyla okundu: C:\Users\mhmtm\Desktop\project\Project\master\uploads\Amazon stock data 2000-2025.csv
2025-06-21 19:41:46,635 - INFO - Önbellekten veri getiriliyor: Amazon stock data 2000-2025.csv
2025-06-21 19:41:47,311 - INFO - State machine işlemi tamamlandı. İşlenmiş veri şuraya kaydedildi: C:\Users\mhmtm\Desktop\project\Project\master\app/static/temp\processed_be0c69e5fbee4ccb9de3ba837c9c0570.csv
2025-06-21 19:41:48,671 - INFO - Aranan grafik dosyası: C:\Users\mhmtm\Desktop\project\Project\master\app\static\outputs\adsdadad_raw.html
2025-06-21 19:41:48,692 - INFO - Aranan grafik dosyası: C:\Users\mhmtm\Desktop\project\Project\master\app\static\outputs\adsdadad_raw.html
2025-06-21 19:41:54,589 - INFO - Suitability check for project 'adsdadad' with processes: [{'name': 'RemoveWhitespace'}, {'name': 'StripSpecialChars'}]
2025-06-21 19:41:54,643 - INFO - Disk'ten veri okunup önbelleğe alındı: Amazon stock data 2000-2025.csv
2025-06-21 19:42:46,015 - INFO - Suitability check for project 'adsdadad' with processes: [{'name': 'RemoveWhitespace'}, {'name': 'StripSpecialChars'}, {'name': 'LowercaseColumns'}, {'name': 'FixNumericColumn'}]
2025-06-21 19:42:46,054 - INFO - Disk'ten veri okunup önbelleğe alındı: Amazon stock data 2000-2025.csv
2025-06-21 19:42:48,339 - INFO - Suitability check for project 'adsdadad' with processes: [{'name': 'RemoveWhitespace'}, {'name': 'StripSpecialChars'}, {'name': 'LowercaseColumns'}, {'name': 'FixNumericColumn'}, {'name': 'DeleteDupValues'}, {'name': 'RemoveConstantColumns'}]
2025-06-21 19:42:48,375 - INFO - Disk'ten veri okunup önbelleğe alındı: Amazon stock data 2000-2025.csv
