Log testi: 2025-06-21T19:33:58.307016
2025-06-21 19:33:58,310 - INFO - Flask logging başlatıldı
2025-06-21 19:34:29,463 - INFO - Disk'ten veri okunup önbelleğe alındı: Amazon stock data 2000-2025.csv
2025-06-21 19:34:29,467 - INFO - Dosya başarıyla okundu: C:\Users\mhmtm\Desktop\project\Project\master\uploads\Amazon stock data 2000-2025.csv
2025-06-21 19:34:29,469 - INFO - Önbellekten veri getiriliyor: Amazon stock data 2000-2025.csv
2025-06-21 19:34:31,344 - INFO - State machine işlemi tamamlandı. İşlenmiş veri şuraya kaydedildi: C:\Users\mhmtm\Desktop\project\Project\master\app/static/temp\processed_e43f72ac8bdd4f64aeb9c6647186b63e.csv
2025-06-21 19:34:31,498 - INFO - Aranan grafik dosyası: C:\Users\mhmtm\Desktop\project\Project\master\app\static\outputs\dasdasda_raw.html
2025-06-21 19:34:31,519 - INFO - Aranan grafik dosyası: C:\Users\mhmtm\Desktop\project\Project\master\app\static\outputs\dasdasda_raw.html
2025-06-21 19:34:38,113 - INFO - Suitability check for project 'dasdasda' with processes: None
2025-06-21 19:34:38,182 - INFO - Disk'ten veri okunup önbelleğe alındı: Amazon stock data 2000-2025.csv
2025-06-21 19:34:38,184 - ERROR - Suitability calculation failed: 'NoneType' object is not iterable
Traceback (most recent call last):
  File "C:\Users\mhmtm\Desktop\project\Project\master\app\features\websocket\events.py", line 39, in handle_suitability_check
    for process in processes:
                   ^^^^^^^^^
TypeError: 'NoneType' object is not iterable
2025-06-21 19:34:39,545 - INFO - Suitability check for project 'dasdasda' with processes: [{'name': 'RemoveWhitespace'}]
2025-06-21 19:34:39,621 - INFO - Disk'ten veri okunup önbelleğe alındı: Amazon stock data 2000-2025.csv
2025-06-21 19:35:55,224 - INFO - Disk'ten veri okunup önbelleğe alındı: less_dirty_payments.csv
2025-06-21 19:35:55,226 - INFO - Dosya başarıyla okundu: C:\Users\mhmtm\Desktop\project\Project\master\uploads\less_dirty_payments.csv
2025-06-21 19:35:55,228 - INFO - Önbellekten veri getiriliyor: less_dirty_payments.csv
2025-06-21 19:35:55,781 - INFO - State machine işlemi tamamlandı. İşlenmiş veri şuraya kaydedildi: C:\Users\mhmtm\Desktop\project\Project\master\app/static/temp\processed_0795fe7769884a788ba1d0825602d48b.csv
2025-06-21 19:35:57,246 - INFO - Aranan grafik dosyası: C:\Users\mhmtm\Desktop\project\Project\master\app\static\outputs\dasdasda_raw.html
2025-06-21 19:35:57,280 - INFO - Aranan grafik dosyası: C:\Users\mhmtm\Desktop\project\Project\master\app\static\outputs\dasdasda_raw.html
2025-06-21 19:36:05,674 - INFO - Suitability check for project 'dasdasda' with processes: None
2025-06-21 19:36:05,682 - INFO - Disk'ten veri okunup önbelleğe alındı: less_dirty_payments.csv
2025-06-21 19:36:05,686 - ERROR - Suitability calculation failed: 'NoneType' object is not iterable
Traceback (most recent call last):
  File "C:\Users\mhmtm\Desktop\project\Project\master\app\features\websocket\events.py", line 39, in handle_suitability_check
    for process in processes:
                   ^^^^^^^^^
TypeError: 'NoneType' object is not iterable
2025-06-21 19:36:09,698 - INFO - Suitability check for project 'dasdasda' with processes: [{'name': 'RemoveWhitespace'}]
2025-06-21 19:36:09,710 - INFO - Disk'ten veri okunup önbelleğe alındı: less_dirty_payments.csv
