Log testi: 2025-06-23T18:08:54.398194
2025-06-23 18:08:54,403 - INFO - Flask logging başlatıldı
2025-06-23 18:09:09,556 - INFO - Disk'ten veri okunup önbelleğe alındı: Amazon stock data 2000-2025.csv
2025-06-23 18:09:09,558 - INFO - Dosya başarıyla okundu: C:\Users\mhmtm\Desktop\project\Project\master\uploads\Amazon stock data 2000-2025.csv
2025-06-23 18:09:09,559 - INFO - Önbellekten veri getiriliyor: Amazon stock data 2000-2025.csv
2025-06-23 18:09:11,517 - INFO - State machine işlemi tamamlandı. İşlenmiş veri şuraya kaydedildi: C:\Users\mhmtm\Desktop\project\Project\master\app/static/temp\processed_be38bf1b53d34384b76a8166bf605912.csv
2025-06-23 18:09:11,595 - INFO - Aranan JSON grafik dosyası: C:\Users\mhmtm\Desktop\project\Project\master\app\static\outputs\emin6_raw.json
2025-06-23 18:09:13,587 - INFO - Aranan JSON grafik dosyası: C:\Users\mhmtm\Desktop\project\Project\master\app\static\outputs\emin6_raw.json
2025-06-23 18:09:16,109 - INFO - Aranan JSON grafik dosyası: C:\Users\mhmtm\Desktop\project\Project\master\app\static\outputs\emin6_raw.json
2025-06-23 18:09:18,115 - INFO - Aranan JSON grafik dosyası: C:\Users\mhmtm\Desktop\project\Project\master\app\static\outputs\emin6_raw.json
2025-06-23 18:09:20,120 - INFO - Aranan JSON grafik dosyası: C:\Users\mhmtm\Desktop\project\Project\master\app\static\outputs\emin6_raw.json
2025-06-23 18:09:21,590 - INFO - Aranan JSON grafik dosyası: C:\Users\mhmtm\Desktop\project\Project\master\app\static\outputs\emin6_raw.json
2025-06-23 18:09:24,122 - INFO - Aranan JSON grafik dosyası: C:\Users\mhmtm\Desktop\project\Project\master\app\static\outputs\emin6_raw.json
2025-06-23 18:09:26,107 - INFO - Aranan JSON grafik dosyası: C:\Users\mhmtm\Desktop\project\Project\master\app\static\outputs\emin6_raw.json
2025-06-23 18:09:28,115 - INFO - Aranan JSON grafik dosyası: C:\Users\mhmtm\Desktop\project\Project\master\app\static\outputs\emin6_raw.json
2025-06-23 18:09:30,110 - INFO - Aranan JSON grafik dosyası: C:\Users\mhmtm\Desktop\project\Project\master\app\static\outputs\emin6_raw.json
2025-06-23 18:09:32,114 - INFO - Aranan JSON grafik dosyası: C:\Users\mhmtm\Desktop\project\Project\master\app\static\outputs\emin6_raw.json
2025-06-23 18:09:34,121 - INFO - Aranan JSON grafik dosyası: C:\Users\mhmtm\Desktop\project\Project\master\app\static\outputs\emin6_raw.json
2025-06-23 18:09:36,111 - INFO - Aranan JSON grafik dosyası: C:\Users\mhmtm\Desktop\project\Project\master\app\static\outputs\emin6_raw.json
2025-06-23 18:09:38,115 - INFO - Aranan JSON grafik dosyası: C:\Users\mhmtm\Desktop\project\Project\master\app\static\outputs\emin6_raw.json
2025-06-23 18:09:40,118 - INFO - Aranan JSON grafik dosyası: C:\Users\mhmtm\Desktop\project\Project\master\app\static\outputs\emin6_raw.json
2025-06-23 18:09:42,120 - INFO - Aranan JSON grafik dosyası: C:\Users\mhmtm\Desktop\project\Project\master\app\static\outputs\emin6_raw.json
2025-06-23 18:09:44,119 - INFO - Aranan JSON grafik dosyası: C:\Users\mhmtm\Desktop\project\Project\master\app\static\outputs\emin6_raw.json
2025-06-23 18:09:46,119 - INFO - Aranan JSON grafik dosyası: C:\Users\mhmtm\Desktop\project\Project\master\app\static\outputs\emin6_raw.json
2025-06-23 18:09:48,119 - INFO - Aranan JSON grafik dosyası: C:\Users\mhmtm\Desktop\project\Project\master\app\static\outputs\emin6_raw.json
2025-06-23 18:09:50,107 - INFO - Aranan JSON grafik dosyası: C:\Users\mhmtm\Desktop\project\Project\master\app\static\outputs\emin6_raw.json
