Log testi: 2025-06-21T19:44:30.124036
2025-06-21 19:44:30,127 - INFO - Flask logging başlatıldı
2025-06-21 19:44:56,840 - INFO - Disk'ten veri okunup önbelleğe alındı: less_dirty_payments.csv
2025-06-21 19:44:56,844 - INFO - Dosya başarıyla okundu: C:\Users\mhmtm\Desktop\project\Project\master\uploads\less_dirty_payments.csv
2025-06-21 19:44:56,847 - INFO - Önbellekten veri getiriliyor: less_dirty_payments.csv
2025-06-21 19:44:58,933 - INFO - Aranan grafik dosyası: C:\Users\mhmtm\Desktop\project\Project\master\app\static\outputs\emintry_raw.html
2025-06-21 19:44:58,984 - INFO - Aranan grafik dosyası: C:\Users\mhmtm\Desktop\project\Project\master\app\static\outputs\emintry_raw.html
2025-06-21 19:44:59,051 - INFO - State machine işlemi tamamlandı. İşlenmiş veri şuraya kaydedildi: C:\Users\mhmtm\Desktop\project\Project\master\app/static/temp\processed_ce74cb5ca70941678a7a5f0e50a8e436.csv
2025-06-21 19:45:06,902 - INFO - Suitability check for project 'emintry' with processes: [{'name': 'RemoveWhitespace'}]
2025-06-21 19:45:06,915 - INFO - Disk'ten veri okunup önbelleğe alındı: less_dirty_payments.csv
2025-06-21 19:45:11,543 - INFO - Suitability check for project 'emintry' with processes: [{'name': 'RemoveWhitespace'}, {'name': 'StripSpecialChars'}]
2025-06-21 19:45:11,551 - INFO - Disk'ten veri okunup önbelleğe alındı: less_dirty_payments.csv
2025-06-21 19:45:14,805 - INFO - Suitability check for project 'emintry' with processes: [{'name': 'RemoveWhitespace'}, {'name': 'StripSpecialChars'}, {'name': 'LowercaseColumns'}]
2025-06-21 19:45:14,812 - INFO - Disk'ten veri okunup önbelleğe alındı: less_dirty_payments.csv
2025-06-21 19:45:15,805 - INFO - Suitability check for project 'emintry' with processes: [{'name': 'RemoveWhitespace'}, {'name': 'StripSpecialChars'}]
2025-06-21 19:45:15,811 - INFO - Disk'ten veri okunup önbelleğe alındı: less_dirty_payments.csv
2025-06-21 19:45:32,571 - INFO - Suitability check for project 'emintry' with processes: [{'name': 'RemoveWhitespace'}, {'name': 'StripSpecialChars'}, {'name': 'DeleteDupValues'}]
2025-06-21 19:45:32,577 - INFO - Disk'ten veri okunup önbelleğe alındı: less_dirty_payments.csv
2025-06-21 19:45:34,645 - INFO - Suitability check for project 'emintry' with processes: [{'name': 'RemoveWhitespace'}, {'name': 'StripSpecialChars'}, {'name': 'DeleteDupValues'}, {'name': 'RemoveConstantColumns'}]
2025-06-21 19:45:34,652 - INFO - Disk'ten veri okunup önbelleğe alındı: less_dirty_payments.csv
2025-06-21 19:45:38,546 - INFO - Suitability check for project 'emintry' with processes: [{'name': 'RemoveWhitespace'}, {'name': 'StripSpecialChars'}, {'name': 'DeleteDupValues'}, {'name': 'RemoveConstantColumns'}, {'name': 'CleanEmails'}]
2025-06-21 19:45:38,552 - INFO - Disk'ten veri okunup önbelleğe alındı: less_dirty_payments.csv
2025-06-21 19:45:42,669 - INFO - Suitability check for project 'emintry' with processes: [{'name': 'RemoveWhitespace'}, {'name': 'StripSpecialChars'}, {'name': 'DeleteDupValues'}, {'name': 'RemoveConstantColumns'}, {'name': 'CleanEmails'}, {'name': 'detectAndDeleteOutliers'}]
2025-06-21 19:45:42,682 - INFO - Disk'ten veri okunup önbelleğe alındı: less_dirty_payments.csv
2025-06-21 19:45:43,975 - INFO - Suitability check for project 'emintry' with processes: [{'name': 'RemoveWhitespace'}, {'name': 'StripSpecialChars'}, {'name': 'DeleteDupValues'}, {'name': 'RemoveConstantColumns'}, {'name': 'CleanEmails'}]
2025-06-21 19:45:43,986 - INFO - Disk'ten veri okunup önbelleğe alındı: less_dirty_payments.csv
2025-06-21 19:45:50,362 - INFO - Suitability check for project 'emintry' with processes: [{'name': 'RemoveWhitespace'}, {'name': 'StripSpecialChars'}, {'name': 'DeleteDupValues'}, {'name': 'RemoveConstantColumns'}, {'name': 'CleanEmails'}, {'name': 'detectAndDeleteOutliers'}]
2025-06-21 19:45:50,370 - INFO - Disk'ten veri okunup önbelleğe alındı: less_dirty_payments.csv
2025-06-21 19:45:51,392 - INFO - Suitability check for project 'emintry' with processes: [{'name': 'RemoveWhitespace'}, {'name': 'StripSpecialChars'}, {'name': 'DeleteDupValues'}, {'name': 'RemoveConstantColumns'}, {'name': 'CleanEmails'}]
2025-06-21 19:45:51,398 - INFO - Disk'ten veri okunup önbelleğe alındı: less_dirty_payments.csv
2025-06-21 19:45:53,532 - INFO - Suitability check for project 'emintry' with processes: [{'name': 'RemoveWhitespace'}, {'name': 'StripSpecialChars'}, {'name': 'DeleteDupValues'}, {'name': 'RemoveConstantColumns'}, {'name': 'CleanEmails'}, {'name': 'addNoise'}]
2025-06-21 19:45:53,539 - INFO - Disk'ten veri okunup önbelleğe alındı: less_dirty_payments.csv
2025-06-21 19:45:54,905 - INFO - Suitability check for project 'emintry' with processes: [{'name': 'RemoveWhitespace'}, {'name': 'StripSpecialChars'}, {'name': 'DeleteDupValues'}, {'name': 'RemoveConstantColumns'}, {'name': 'CleanEmails'}]
2025-06-21 19:45:54,914 - INFO - Disk'ten veri okunup önbelleğe alındı: less_dirty_payments.csv
2025-06-21 19:45:56,745 - INFO - Suitability check for project 'emintry' with processes: [{'name': 'StripSpecialChars'}, {'name': 'DeleteDupValues'}, {'name': 'RemoveConstantColumns'}, {'name': 'CleanEmails'}]
2025-06-21 19:45:56,752 - INFO - Disk'ten veri okunup önbelleğe alındı: less_dirty_payments.csv
2025-06-21 19:45:58,716 - INFO - Suitability check for project 'emintry' with processes: [{'name': 'DeleteDupValues'}, {'name': 'RemoveConstantColumns'}, {'name': 'CleanEmails'}]
2025-06-21 19:45:58,723 - INFO - Disk'ten veri okunup önbelleğe alındı: less_dirty_payments.csv
2025-06-21 19:46:00,621 - INFO - Suitability check for project 'emintry' with processes: [{'name': 'RemoveConstantColumns'}, {'name': 'CleanEmails'}]
2025-06-21 19:46:00,630 - INFO - Disk'ten veri okunup önbelleğe alındı: less_dirty_payments.csv
2025-06-21 19:46:01,521 - INFO - Suitability check for project 'emintry' with processes: [{'name': 'CleanEmails'}]
2025-06-21 19:46:01,530 - INFO - Disk'ten veri okunup önbelleğe alındı: less_dirty_payments.csv
2025-06-21 19:46:03,773 - INFO - Suitability check for project 'emintry' with processes: None
2025-06-21 19:46:03,780 - INFO - Disk'ten veri okunup önbelleğe alındı: less_dirty_payments.csv
2025-06-21 19:46:03,781 - ERROR - Suitability calculation failed: 'NoneType' object is not iterable
Traceback (most recent call last):
  File "C:\Users\mhmtm\Desktop\project\Project\master\app\features\websocket\events.py", line 39, in handle_suitability_check
    for process in processes:
                   ^^^^^^^^^
TypeError: 'NoneType' object is not iterable
2025-06-21 19:50:51,006 - INFO - Suitability check for project 'emintry' with processes: [{'name': 'RemoveWhitespace'}]
2025-06-21 19:50:51,022 - INFO - Disk'ten veri okunup önbelleğe alındı: less_dirty_payments.csv
2025-06-21 19:50:53,569 - INFO - Suitability check for project 'emintry' with processes: [{'name': 'RemoveWhitespace'}, {'name': 'FixNumericColumn'}]
2025-06-21 19:50:53,577 - INFO - Disk'ten veri okunup önbelleğe alındı: less_dirty_payments.csv
2025-06-21 19:50:54,111 - INFO - Suitability check for project 'emintry' with processes: [{'name': 'RemoveWhitespace'}]
2025-06-21 19:50:54,116 - INFO - Disk'ten veri okunup önbelleğe alındı: less_dirty_payments.csv
2025-06-21 19:50:56,307 - INFO - Suitability check for project 'emintry' with processes: [{'name': 'RemoveWhitespace'}]
2025-06-21 19:50:56,314 - INFO - Disk'ten veri okunup önbelleğe alındı: less_dirty_payments.csv
2025-06-21 19:50:58,568 - INFO - Suitability check for project 'emintry' with processes: [{'name': 'RemoveWhitespace'}, {'name': 'FixNumericColumn'}]
2025-06-21 19:50:58,575 - INFO - Disk'ten veri okunup önbelleğe alındı: less_dirty_payments.csv
2025-06-21 19:51:14,882 - INFO - Suitability check for project 'emintry' with processes: [{'name': 'RemoveWhitespace'}, {'name': 'FixNumericColumn'}]
2025-06-21 19:51:14,891 - INFO - Disk'ten veri okunup önbelleğe alındı: less_dirty_payments.csv
2025-06-21 19:51:15,504 - INFO - Suitability check for project 'emintry' with processes: [{'name': 'RemoveWhitespace'}, {'name': 'FixNumericColumn'}]
2025-06-21 19:51:15,511 - INFO - Disk'ten veri okunup önbelleğe alındı: less_dirty_payments.csv
2025-06-21 19:51:16,221 - INFO - Suitability check for project 'emintry' with processes: [{'name': 'RemoveWhitespace'}, {'name': 'FixNumericColumn'}, {'name': 'RemoveHighNullColumns'}]
2025-06-21 19:51:16,228 - INFO - Disk'ten veri okunup önbelleğe alındı: less_dirty_payments.csv
2025-06-21 19:51:26,170 - INFO - Suitability check for project 'emintry' with processes: [{'name': 'RemoveWhitespace'}, {'name': 'FixNumericColumn'}, {'name': 'RemoveHighNullColumns'}, {'name': 'DeleteDupValues'}]
2025-06-21 19:51:26,177 - INFO - Disk'ten veri okunup önbelleğe alındı: less_dirty_payments.csv
2025-06-21 19:51:27,347 - INFO - Suitability check for project 'emintry' with processes: [{'name': 'RemoveWhitespace'}, {'name': 'FixNumericColumn'}, {'name': 'RemoveHighNullColumns'}]
2025-06-21 19:51:27,355 - INFO - Disk'ten veri okunup önbelleğe alındı: less_dirty_payments.csv
2025-06-21 19:51:29,109 - INFO - Suitability check for project 'emintry' with processes: [{'name': 'RemoveWhitespace'}, {'name': 'FixNumericColumn'}, {'name': 'RemoveHighNullColumns'}, {'name': 'DeleteDupValues'}]
2025-06-21 19:51:29,115 - INFO - Disk'ten veri okunup önbelleğe alındı: less_dirty_payments.csv
2025-06-21 19:51:30,613 - INFO - Suitability check for project 'emintry' with processes: [{'name': 'RemoveWhitespace'}, {'name': 'FixNumericColumn'}, {'name': 'RemoveHighNullColumns'}]
2025-06-21 19:51:30,624 - INFO - Disk'ten veri okunup önbelleğe alındı: less_dirty_payments.csv
2025-06-21 19:51:36,660 - INFO - Suitability check for project 'emintry' with processes: [{'name': 'RemoveWhitespace'}, {'name': 'FixNumericColumn'}, {'name': 'RemoveHighNullColumns'}]
2025-06-21 19:51:36,669 - INFO - Disk'ten veri okunup önbelleğe alındı: less_dirty_payments.csv
2025-06-21 19:51:37,244 - INFO - Suitability check for project 'emintry' with processes: [{'name': 'RemoveWhitespace'}, {'name': 'FixNumericColumn'}, {'name': 'RemoveHighNullColumns'}, {'name': 'DropColumn'}]
2025-06-21 19:51:37,255 - INFO - Disk'ten veri okunup önbelleğe alındı: less_dirty_payments.csv
2025-06-21 19:51:54,842 - INFO - Suitability check for project 'emintry' with processes: [{'name': 'RemoveWhitespace'}, {'name': 'FixNumericColumn'}, {'name': 'RemoveHighNullColumns'}, {'name': 'DropColumn'}]
2025-06-21 19:51:54,853 - INFO - Disk'ten veri okunup önbelleğe alındı: less_dirty_payments.csv
2025-06-21 19:51:57,883 - INFO - Suitability check for project 'emintry' with processes: [{'name': 'RemoveWhitespace'}, {'name': 'FixNumericColumn'}, {'name': 'RemoveHighNullColumns'}, {'name': 'DropColumn'}]
2025-06-21 19:51:57,892 - INFO - Disk'ten veri okunup önbelleğe alındı: less_dirty_payments.csv
2025-06-21 19:52:01,026 - INFO - Suitability check for project 'emintry' with processes: [{'name': 'RemoveWhitespace'}, {'name': 'FixNumericColumn'}, {'name': 'RemoveHighNullColumns'}, {'name': 'DropColumn'}]
2025-06-21 19:52:01,038 - INFO - Disk'ten veri okunup önbelleğe alındı: less_dirty_payments.csv
2025-06-21 19:52:01,913 - INFO - Suitability check for project 'emintry' with processes: [{'name': 'RemoveWhitespace'}, {'name': 'FixNumericColumn'}, {'name': 'RemoveHighNullColumns'}, {'name': 'DropColumn'}]
2025-06-21 19:52:01,919 - INFO - Disk'ten veri okunup önbelleğe alındı: less_dirty_payments.csv
2025-06-21 19:52:03,784 - INFO - Suitability check for project 'emintry' with processes: [{'name': 'RemoveWhitespace'}, {'name': 'RemoveHighNullColumns'}, {'name': 'DropColumn'}]
2025-06-21 19:52:03,793 - INFO - Disk'ten veri okunup önbelleğe alındı: less_dirty_payments.csv
2025-06-21 19:52:44,890 - INFO - Suitability check for project 'emintry' with processes: [{'name': 'RemoveWhitespace'}]
2025-06-21 19:52:44,896 - INFO - Disk'ten veri okunup önbelleğe alındı: less_dirty_payments.csv
2025-06-21 19:52:47,575 - INFO - Suitability check for project 'emintry' with processes: None
2025-06-21 19:52:47,585 - INFO - Disk'ten veri okunup önbelleğe alındı: less_dirty_payments.csv
2025-06-21 19:52:47,586 - ERROR - Suitability calculation failed: 'NoneType' object is not iterable
Traceback (most recent call last):
  File "C:\Users\mhmtm\Desktop\project\Project\master\app\features\websocket\events.py", line 39, in handle_suitability_check
    for process in processes:
                   ^^^^^^^^^
TypeError: 'NoneType' object is not iterable
2025-06-21 19:52:56,941 - INFO - Suitability check for project 'emintry' with processes: [{'name': 'RemoveWhitespace'}]
2025-06-21 19:52:56,949 - INFO - Disk'ten veri okunup önbelleğe alındı: less_dirty_payments.csv
2025-06-21 19:53:05,417 - INFO - Suitability check for project 'emintry' with processes: [{'name': 'RemoveWhitespace'}, {'name': 'StripSpecialChars'}]
2025-06-21 19:53:05,424 - INFO - Disk'ten veri okunup önbelleğe alındı: less_dirty_payments.csv
2025-06-21 19:53:14,452 - INFO - Disk'ten veri okunup önbelleğe alındı: less_dirty_payments.csv
2025-06-21 19:53:14,453 - INFO - Dosya başarıyla okundu: C:\Users\mhmtm\Desktop\project\Project\master\uploads\less_dirty_payments.csv
2025-06-21 19:53:14,454 - INFO - Önbellekten veri getiriliyor: less_dirty_payments.csv
2025-06-21 19:53:14,610 - INFO - State machine işlemi tamamlandı. İşlenmiş veri şuraya kaydedildi: C:\Users\mhmtm\Desktop\project\Project\master\app/static/temp\processed_aa902ff2d5684ad7897955e079c26c6b.csv
2025-06-21 19:53:17,957 - INFO - Aranan grafik dosyası: C:\Users\mhmtm\Desktop\project\Project\master\app\static\outputs\emintry_refined.html
2025-06-21 19:53:19,963 - INFO - Aranan grafik dosyası: C:\Users\mhmtm\Desktop\project\Project\master\app\static\outputs\emintry_refined.html
2025-06-21 19:53:21,963 - INFO - Aranan grafik dosyası: C:\Users\mhmtm\Desktop\project\Project\master\app\static\outputs\emintry_refined.html
2025-06-21 19:53:23,954 - INFO - Aranan grafik dosyası: C:\Users\mhmtm\Desktop\project\Project\master\app\static\outputs\emintry_refined.html
2025-06-21 19:53:26,140 - INFO - Aranan grafik dosyası: C:\Users\mhmtm\Desktop\project\Project\master\app\static\outputs\emintry_refined.html
2025-06-21 19:53:28,142 - INFO - Aranan grafik dosyası: C:\Users\mhmtm\Desktop\project\Project\master\app\static\outputs\emintry_refined.html
2025-06-21 19:53:30,134 - INFO - Aranan grafik dosyası: C:\Users\mhmtm\Desktop\project\Project\master\app\static\outputs\emintry_refined.html
2025-06-21 19:53:32,145 - INFO - Aranan grafik dosyası: C:\Users\mhmtm\Desktop\project\Project\master\app\static\outputs\emintry_refined.html
2025-06-21 19:53:34,146 - INFO - Aranan grafik dosyası: C:\Users\mhmtm\Desktop\project\Project\master\app\static\outputs\emintry_refined.html
2025-06-21 19:53:36,139 - INFO - Aranan grafik dosyası: C:\Users\mhmtm\Desktop\project\Project\master\app\static\outputs\emintry_refined.html
2025-06-21 19:53:38,142 - INFO - Aranan grafik dosyası: C:\Users\mhmtm\Desktop\project\Project\master\app\static\outputs\emintry_refined.html
2025-06-21 19:53:40,140 - INFO - Aranan grafik dosyası: C:\Users\mhmtm\Desktop\project\Project\master\app\static\outputs\emintry_refined.html
2025-06-21 19:53:42,138 - INFO - Aranan grafik dosyası: C:\Users\mhmtm\Desktop\project\Project\master\app\static\outputs\emintry_refined.html
2025-06-21 19:53:44,137 - INFO - Aranan grafik dosyası: C:\Users\mhmtm\Desktop\project\Project\master\app\static\outputs\emintry_refined.html
2025-06-21 19:53:46,142 - INFO - Aranan grafik dosyası: C:\Users\mhmtm\Desktop\project\Project\master\app\static\outputs\emintry_refined.html
2025-06-21 19:53:48,140 - INFO - Aranan grafik dosyası: C:\Users\mhmtm\Desktop\project\Project\master\app\static\outputs\emintry_refined.html
2025-06-21 19:53:50,134 - INFO - Aranan grafik dosyası: C:\Users\mhmtm\Desktop\project\Project\master\app\static\outputs\emintry_refined.html
2025-06-21 19:53:52,145 - INFO - Aranan grafik dosyası: C:\Users\mhmtm\Desktop\project\Project\master\app\static\outputs\emintry_refined.html
2025-06-21 19:53:54,143 - INFO - Aranan grafik dosyası: C:\Users\mhmtm\Desktop\project\Project\master\app\static\outputs\emintry_refined.html
2025-06-21 19:53:56,146 - INFO - Aranan grafik dosyası: C:\Users\mhmtm\Desktop\project\Project\master\app\static\outputs\emintry_refined.html
