Log testi: 2025-06-21T02:41:46.157664
2025-06-21 02:41:46,160 - INFO - Flask logging başlatıldı
2025-06-21 02:42:01,928 - INFO - Suitability check requested with processes: [{'name': 'generateSyntheticData'}]
2025-06-21 02:42:01,929 - INFO - Calculated suitability score: 0.00%
2025-06-21 02:42:11,708 - INFO - Suitability check requested with processes: [{'name': 'RemoveWhitespace'}]
2025-06-21 02:42:11,708 - INFO - Calculated suitability score: 7.69%
2025-06-21 02:42:13,511 - INFO - Suitability check requested with processes: [{'name': 'RemoveWhitespace'}, {'name': 'StripSpecialChars'}]
2025-06-21 02:42:13,512 - INFO - Calculated suitability score: 23.08%
2025-06-21 02:42:18,419 - INFO - Suitability check requested with processes: [{'name': 'RemoveWhitespace'}, {'name': 'StripSpecialChars'}, {'name': 'LowercaseColumns'}]
2025-06-21 02:42:18,419 - INFO - Calculated suitability score: 30.77%
2025-06-21 02:42:28,214 - INFO - Suitability check requested with processes: [{'name': 'RemoveWhitespace'}, {'name': 'StripSpecialChars'}, {'name': 'LowercaseColumns'}, {'name': 'detectAndDeleteOutliers'}]
2025-06-21 02:42:28,215 - INFO - Calculated suitability score: 30.77%
2025-06-21 02:42:29,897 - INFO - Suitability check requested with processes: [{'name': 'RemoveWhitespace'}, {'name': 'StripSpecialChars'}, {'name': 'LowercaseColumns'}]
2025-06-21 02:42:29,898 - INFO - Calculated suitability score: 30.77%
2025-06-21 02:42:31,591 - INFO - Suitability check requested with processes: [{'name': 'RemoveWhitespace'}, {'name': 'StripSpecialChars'}, {'name': 'LowercaseColumns'}, {'name': 'FixNumericColumn'}]
2025-06-21 02:42:31,592 - INFO - Calculated suitability score: 30.77%
2025-06-21 02:42:33,026 - INFO - Suitability check requested with processes: [{'name': 'RemoveWhitespace'}, {'name': 'StripSpecialChars'}, {'name': 'LowercaseColumns'}, {'name': 'FixNumericColumn'}]
2025-06-21 02:42:33,026 - INFO - Calculated suitability score: 30.77%
2025-06-21 02:42:35,138 - INFO - Suitability check requested with processes: [{'name': 'RemoveWhitespace'}, {'name': 'StripSpecialChars'}, {'name': 'LowercaseColumns'}, {'name': 'FixNumericColumn'}]
2025-06-21 02:42:35,138 - INFO - Calculated suitability score: 30.77%
2025-06-21 02:42:38,447 - INFO - Suitability check requested with processes: [{'name': 'RemoveWhitespace'}, {'name': 'StripSpecialChars'}, {'name': 'LowercaseColumns'}, {'name': 'FixNumericColumn'}, {'name': 'FillMissing'}]
2025-06-21 02:42:38,448 - INFO - Calculated suitability score: 30.77%
2025-06-21 02:42:40,105 - INFO - Suitability check requested with processes: [{'name': 'RemoveWhitespace'}, {'name': 'StripSpecialChars'}, {'name': 'LowercaseColumns'}, {'name': 'FillMissing'}]
2025-06-21 02:42:40,106 - INFO - Calculated suitability score: 30.77%
2025-06-21 02:42:40,839 - INFO - Suitability check requested with processes: [{'name': 'RemoveWhitespace'}, {'name': 'StripSpecialChars'}, {'name': 'LowercaseColumns'}]
2025-06-21 02:42:40,841 - INFO - Calculated suitability score: 30.77%
2025-06-21 02:42:41,707 - INFO - Suitability check requested with processes: [{'name': 'RemoveWhitespace'}, {'name': 'StripSpecialChars'}, {'name': 'LowercaseColumns'}, {'name': 'DeleteDupValues'}]
2025-06-21 02:42:41,707 - INFO - Calculated suitability score: 30.77%
2025-06-21 02:42:57,230 - INFO - Suitability check requested with processes: [{'name': 'RemoveWhitespace'}, {'name': 'StripSpecialChars'}, {'name': 'LowercaseColumns'}, {'name': 'DeleteDupValues'}, {'name': 'RemoveConstantColumns'}]
2025-06-21 02:42:57,231 - INFO - Calculated suitability score: 30.77%
2025-06-21 02:42:59,275 - INFO - Suitability check requested with processes: [{'name': 'RemoveWhitespace'}, {'name': 'StripSpecialChars'}, {'name': 'LowercaseColumns'}, {'name': 'DeleteDupValues'}, {'name': 'RemoveConstantColumns'}, {'name': 'CleanEmails'}]
2025-06-21 02:42:59,275 - INFO - Calculated suitability score: 30.77%
2025-06-21 02:43:01,249 - INFO - Suitability check requested with processes: [{'name': 'RemoveWhitespace'}, {'name': 'StripSpecialChars'}, {'name': 'LowercaseColumns'}, {'name': 'DeleteDupValues'}, {'name': 'RemoveConstantColumns'}, {'name': 'CleanEmails'}, {'name': 'detectAndDeleteOutliers'}]
2025-06-21 02:43:01,250 - INFO - Calculated suitability score: 30.77%
2025-06-21 02:43:02,951 - INFO - Suitability check requested with processes: [{'name': 'RemoveWhitespace'}, {'name': 'StripSpecialChars'}, {'name': 'LowercaseColumns'}, {'name': 'DeleteDupValues'}, {'name': 'RemoveConstantColumns'}, {'name': 'CleanEmails'}, {'name': 'detectAndDeleteOutliers'}, {'name': 'generateSyntheticData'}]
2025-06-21 02:43:02,952 - INFO - Calculated suitability score: 30.77%
2025-06-21 02:43:03,906 - INFO - Suitability check requested with processes: [{'name': 'RemoveWhitespace'}, {'name': 'StripSpecialChars'}, {'name': 'LowercaseColumns'}, {'name': 'DeleteDupValues'}, {'name': 'RemoveConstantColumns'}, {'name': 'CleanEmails'}, {'name': 'detectAndDeleteOutliers'}, {'name': 'generateSyntheticData'}, {'name': 'sortValues'}]
2025-06-21 02:43:03,907 - INFO - Calculated suitability score: 30.77%
2025-06-21 02:43:04,842 - INFO - Suitability check requested with processes: [{'name': 'RemoveWhitespace'}, {'name': 'StripSpecialChars'}, {'name': 'LowercaseColumns'}, {'name': 'DeleteDupValues'}, {'name': 'RemoveConstantColumns'}, {'name': 'CleanEmails'}, {'name': 'detectAndDeleteOutliers'}, {'name': 'generateSyntheticData'}, {'name': 'sortValues'}, {'name': 'categoricalToNumeric'}]
2025-06-21 02:43:04,843 - INFO - Calculated suitability score: 30.77%
2025-06-21 02:43:05,985 - INFO - Suitability check requested with processes: [{'name': 'RemoveWhitespace'}, {'name': 'StripSpecialChars'}, {'name': 'LowercaseColumns'}, {'name': 'DeleteDupValues'}, {'name': 'RemoveConstantColumns'}, {'name': 'CleanEmails'}, {'name': 'detectAndDeleteOutliers'}, {'name': 'generateSyntheticData'}, {'name': 'sortValues'}, {'name': 'categoricalToNumeric'}, {'name': 'addNoise'}]
2025-06-21 02:43:05,986 - INFO - Calculated suitability score: 30.77%
2025-06-21 02:43:06,893 - INFO - Suitability check requested with processes: [{'name': 'RemoveWhitespace'}, {'name': 'StripSpecialChars'}, {'name': 'LowercaseColumns'}, {'name': 'DeleteDupValues'}, {'name': 'RemoveConstantColumns'}, {'name': 'CleanEmails'}, {'name': 'detectAndDeleteOutliers'}, {'name': 'generateSyntheticData'}, {'name': 'sortValues'}, {'name': 'categoricalToNumeric'}, {'name': 'combineColumns'}, {'name': 'addNoise'}]
2025-06-21 02:43:06,894 - INFO - Calculated suitability score: 30.77%
2025-06-21 02:43:07,559 - INFO - Suitability check requested with processes: [{'name': 'RemoveWhitespace'}, {'name': 'StripSpecialChars'}, {'name': 'LowercaseColumns'}, {'name': 'DeleteDupValues'}, {'name': 'RemoveConstantColumns'}, {'name': 'CleanEmails'}, {'name': 'detectAndDeleteOutliers'}, {'name': 'generateSyntheticData'}, {'name': 'sortValues'}, {'name': 'categoricalToNumeric'}, {'name': 'combineColumns'}, {'name': 'addNoise'}, {'name': 'timeSeriesShift'}]
2025-06-21 02:43:07,559 - INFO - Calculated suitability score: 30.77%
2025-06-21 02:43:38,662 - INFO - Suitability check requested with processes: [{'name': 'RemoveWhitespace'}, {'name': 'StripSpecialChars'}, {'name': 'LowercaseColumns'}, {'name': 'DeleteDupValues'}, {'name': 'RemoveConstantColumns'}, {'name': 'CleanEmails'}, {'name': 'detectAndDeleteOutliers'}, {'name': 'logTransform'}, {'name': 'generateSyntheticData'}, {'name': 'sortValues'}, {'name': 'categoricalToNumeric'}, {'name': 'combineColumns'}, {'name': 'addNoise'}, {'name': 'timeSeriesShift'}]
2025-06-21 02:43:38,663 - INFO - Calculated suitability score: 30.77%
2025-06-21 02:44:10,177 - INFO - Suitability check requested with processes: [{'name': 'RemoveWhitespace'}, {'name': 'StripSpecialChars'}, {'name': 'LowercaseColumns'}, {'name': 'DeleteDupValues'}, {'name': 'RemoveConstantColumns'}, {'name': 'CleanEmails'}, {'name': 'detectAndDeleteOutliers'}, {'name': 'logTransform'}, {'name': 'generateSyntheticData'}, {'name': 'sortValues'}, {'name': 'categoricalToNumeric'}, {'name': 'combineColumns'}, {'name': 'addNoise'}, {'name': 'timeSeriesShift'}]
2025-06-21 02:44:10,177 - INFO - Calculated suitability score: 30.77%
2025-06-21 02:44:11,782 - INFO - Suitability check requested with processes: [{'name': 'RemoveWhitespace'}, {'name': 'StripSpecialChars'}, {'name': 'LowercaseColumns'}, {'name': 'DeleteDupValues'}, {'name': 'RemoveConstantColumns'}, {'name': 'CleanEmails'}, {'name': 'detectAndDeleteOutliers'}, {'name': 'logTransform'}, {'name': 'generateSyntheticData'}, {'name': 'sortValues'}, {'name': 'categoricalToNumeric'}, {'name': 'combineColumns'}, {'name': 'addNoise'}, {'name': 'timeSeriesShift'}]
2025-06-21 02:44:11,783 - INFO - Calculated suitability score: 30.77%
2025-06-21 02:44:13,451 - INFO - Suitability check requested with processes: [{'name': 'RemoveWhitespace'}, {'name': 'StripSpecialChars'}, {'name': 'LowercaseColumns'}, {'name': 'DeleteDupValues'}, {'name': 'RemoveConstantColumns'}, {'name': 'CleanEmails'}, {'name': 'detectAndDeleteOutliers'}, {'name': 'logTransform'}, {'name': 'generateSyntheticData'}, {'name': 'sortValues'}, {'name': 'categoricalToNumeric'}, {'name': 'combineColumns'}, {'name': 'addNoise'}, {'name': 'timeSeriesShift'}]
2025-06-21 02:44:13,452 - INFO - Calculated suitability score: 30.77%
2025-06-21 02:45:53,904 - INFO - Suitability check requested with processes: [{'name': 'RemoveWhitespace'}, {'name': 'StripSpecialChars'}, {'name': 'LowercaseColumns'}, {'name': 'DeleteDupValues'}, {'name': 'RemoveConstantColumns'}, {'name': 'CleanEmails'}, {'name': 'detectAndDeleteOutliers'}, {'name': 'logTransform'}, {'name': 'generateSyntheticData'}, {'name': 'sortValues'}, {'name': 'categoricalToNumeric'}, {'name': 'combineColumns'}, {'name': 'addNoise'}]
2025-06-21 02:45:53,905 - INFO - Calculated suitability score: 30.77%
2025-06-21 02:45:54,869 - INFO - Suitability check requested with processes: [{'name': 'RemoveWhitespace'}, {'name': 'StripSpecialChars'}, {'name': 'LowercaseColumns'}, {'name': 'DeleteDupValues'}, {'name': 'RemoveConstantColumns'}, {'name': 'CleanEmails'}, {'name': 'detectAndDeleteOutliers'}, {'name': 'logTransform'}, {'name': 'generateSyntheticData'}, {'name': 'sortValues'}, {'name': 'categoricalToNumeric'}, {'name': 'combineColumns'}]
2025-06-21 02:45:54,870 - INFO - Calculated suitability score: 30.77%
2025-06-21 02:45:57,574 - INFO - Suitability check requested with processes: [{'name': 'RemoveWhitespace'}, {'name': 'LowercaseColumns'}, {'name': 'DeleteDupValues'}, {'name': 'RemoveConstantColumns'}, {'name': 'CleanEmails'}, {'name': 'detectAndDeleteOutliers'}, {'name': 'logTransform'}, {'name': 'generateSyntheticData'}, {'name': 'sortValues'}, {'name': 'categoricalToNumeric'}, {'name': 'combineColumns'}]
2025-06-21 02:45:57,575 - INFO - Calculated suitability score: 15.38%
2025-06-21 02:48:22,012 - INFO - Suitability check requested with processes: [{'name': 'RemoveWhitespace'}, {'name': 'LowercaseColumns'}, {'name': 'DeleteDupValues'}, {'name': 'RemoveConstantColumns'}, {'name': 'CleanEmails'}, {'name': 'detectAndDeleteOutliers'}, {'name': 'logTransform'}, {'name': 'generateSyntheticData'}, {'name': 'sortValues'}, {'name': 'categoricalToNumeric'}, {'name': 'combineColumns'}]
2025-06-21 02:48:22,012 - INFO - Calculated suitability score: 15.38%
2025-06-21 02:48:23,435 - INFO - Suitability check requested with processes: [{'name': 'RemoveWhitespace'}, {'name': 'LowercaseColumns'}, {'name': 'DeleteDupValues'}, {'name': 'RemoveConstantColumns'}, {'name': 'CleanEmails'}, {'name': 'detectAndDeleteOutliers'}, {'name': 'logTransform'}, {'name': 'generateSyntheticData'}, {'name': 'sortValues'}, {'name': 'categoricalToNumeric'}, {'name': 'combineColumns'}]
2025-06-21 02:48:23,436 - INFO - Calculated suitability score: 15.38%
2025-06-21 02:48:28,714 - INFO - Suitability check requested with processes: [{'name': 'RemoveWhitespace'}, {'name': 'LowercaseColumns'}, {'name': 'DeleteDupValues'}, {'name': 'RemoveConstantColumns'}, {'name': 'CleanEmails'}, {'name': 'detectAndDeleteOutliers'}, {'name': 'logTransform'}, {'name': 'generateSyntheticData'}, {'name': 'sortValues'}, {'name': 'categoricalToNumeric'}, {'name': 'combineColumns'}]
2025-06-21 02:48:28,715 - INFO - Calculated suitability score: 15.38%
2025-06-21 02:52:13,439 - INFO - Suitability check requested with processes: [{'name': 'RemoveWhitespace'}, {'name': 'LowercaseColumns'}, {'name': 'DeleteDupValues'}, {'name': 'RemoveConstantColumns'}, {'name': 'CleanEmails'}, {'name': 'detectAndDeleteOutliers'}, {'name': 'logTransform'}, {'name': 'generateSyntheticData'}, {'name': 'sortValues'}, {'name': 'categoricalToNumeric'}, {'name': 'combineColumns'}]
2025-06-21 02:52:13,439 - INFO - Calculated suitability score: 15.38%
2025-06-21 02:52:15,240 - INFO - Suitability check requested with processes: [{'name': 'RemoveWhitespace'}, {'name': 'LowercaseColumns'}, {'name': 'DeleteDupValues'}, {'name': 'RemoveConstantColumns'}, {'name': 'CleanEmails'}, {'name': 'detectAndDeleteOutliers'}, {'name': 'logTransform'}, {'name': 'generateSyntheticData'}, {'name': 'sortValues'}, {'name': 'categoricalToNumeric'}, {'name': 'combineColumns'}]
2025-06-21 02:52:15,244 - INFO - Calculated suitability score: 15.38%
