Log testi: 2025-06-23T18:22:53.091751
2025-06-23 18:22:53,095 - INFO - Flask logging başlatıldı
2025-06-23 18:23:10,976 - INFO - Disk'ten veri okunup önbelleğe alındı: Amazon stock data 2000-2025.csv
2025-06-23 18:23:10,977 - INFO - Dosya başarıyla okundu: C:\Users\mhmtm\Desktop\project\Project\master\uploads\Amazon stock data 2000-2025.csv
2025-06-23 18:23:10,978 - INFO - Önbellekten veri getiriliyor: Amazon stock data 2000-2025.csv
2025-06-23 18:23:12,181 - INFO - State machine işlemi tamamlandı. İşlenmiş veri şuraya kaydedildi: C:\Users\mhmtm\Desktop\project\Project\master\app/static/temp\processed_0fe10943a3b84893ab137492947d18e5.csv
2025-06-23 18:23:12,998 - INFO - Aranan JSON grafik dosyası: C:\Users\mhmtm\Desktop\project\Project\master\app\static\outputs\emin10_raw.json
2025-06-23 18:23:15,118 - INFO - Aranan JSON grafik dosyası: C:\Users\mhmtm\Desktop\project\Project\master\app\static\outputs\emin10_raw.json
2025-06-23 18:23:17,112 - INFO - Aranan JSON grafik dosyası: C:\Users\mhmtm\Desktop\project\Project\master\app\static\outputs\emin10_raw.json
2025-06-23 18:23:19,113 - INFO - Aranan JSON grafik dosyası: C:\Users\mhmtm\Desktop\project\Project\master\app\static\outputs\emin10_raw.json
2025-06-23 18:23:21,119 - INFO - Aranan JSON grafik dosyası: C:\Users\mhmtm\Desktop\project\Project\master\app\static\outputs\emin10_raw.json
2025-06-23 18:23:23,113 - INFO - Aranan JSON grafik dosyası: C:\Users\mhmtm\Desktop\project\Project\master\app\static\outputs\emin10_raw.json
2025-06-23 18:23:25,122 - INFO - Aranan JSON grafik dosyası: C:\Users\mhmtm\Desktop\project\Project\master\app\static\outputs\emin10_raw.json
2025-06-23 18:23:27,115 - INFO - Aranan JSON grafik dosyası: C:\Users\mhmtm\Desktop\project\Project\master\app\static\outputs\emin10_raw.json
2025-06-23 18:23:29,111 - INFO - Aranan JSON grafik dosyası: C:\Users\mhmtm\Desktop\project\Project\master\app\static\outputs\emin10_raw.json
2025-06-23 18:23:31,123 - INFO - Aranan JSON grafik dosyası: C:\Users\mhmtm\Desktop\project\Project\master\app\static\outputs\emin10_raw.json
2025-06-23 18:23:33,108 - INFO - Aranan JSON grafik dosyası: C:\Users\mhmtm\Desktop\project\Project\master\app\static\outputs\emin10_raw.json
2025-06-23 18:23:35,117 - INFO - Aranan JSON grafik dosyası: C:\Users\mhmtm\Desktop\project\Project\master\app\static\outputs\emin10_raw.json
2025-06-23 18:23:37,115 - INFO - Aranan JSON grafik dosyası: C:\Users\mhmtm\Desktop\project\Project\master\app\static\outputs\emin10_raw.json
2025-06-23 18:23:39,118 - INFO - Aranan JSON grafik dosyası: C:\Users\mhmtm\Desktop\project\Project\master\app\static\outputs\emin10_raw.json
2025-06-23 18:23:41,115 - INFO - Aranan JSON grafik dosyası: C:\Users\mhmtm\Desktop\project\Project\master\app\static\outputs\emin10_raw.json
2025-06-23 18:23:43,118 - INFO - Aranan JSON grafik dosyası: C:\Users\mhmtm\Desktop\project\Project\master\app\static\outputs\emin10_raw.json
2025-06-23 18:23:45,118 - INFO - Aranan JSON grafik dosyası: C:\Users\mhmtm\Desktop\project\Project\master\app\static\outputs\emin10_raw.json
2025-06-23 18:23:47,121 - INFO - Aranan JSON grafik dosyası: C:\Users\mhmtm\Desktop\project\Project\master\app\static\outputs\emin10_raw.json
2025-06-23 18:23:49,122 - INFO - Aranan JSON grafik dosyası: C:\Users\mhmtm\Desktop\project\Project\master\app\static\outputs\emin10_raw.json
2025-06-23 18:23:51,116 - INFO - Aranan JSON grafik dosyası: C:\Users\mhmtm\Desktop\project\Project\master\app\static\outputs\emin10_raw.json
