Log testi: 2025-06-23T17:42:35.415693
2025-06-23 17:42:35,418 - INFO - Flask logging başlatıldı
2025-06-23 17:43:22,492 - INFO - Disk'ten veri okunup önbelleğe alındı: Amazon stock data 2000-2025.csv
2025-06-23 17:43:22,495 - INFO - Dosya başarıyla okundu: C:\Users\mhmtm\Desktop\project\Project\master\uploads\Amazon stock data 2000-2025.csv
2025-06-23 17:43:22,496 - INFO - Önbellekten veri getiriliyor: Amazon stock data 2000-2025.csv
2025-06-23 17:43:23,953 - INFO - State machine işlemi tamamlandı. İşlenmiş veri şuraya kaydedildi: C:\Users\mhmtm\Desktop\project\Project\master\app/static/temp\processed_e6cceb457a6c4c839209fafdc4fdd53e.csv
2025-06-23 17:43:24,524 - INFO - Aranan grafik dosyası: C:\Users\mhmtm\Desktop\project\Project\master\app\static\outputs\proj123_raw.html
2025-06-23 17:43:26,515 - INFO - Aranan grafik dosyası: C:\Users\mhmtm\Desktop\project\Project\master\app\static\outputs\proj123_raw.html
2025-06-23 17:43:28,513 - INFO - Aranan grafik dosyası: C:\Users\mhmtm\Desktop\project\Project\master\app\static\outputs\proj123_raw.html
2025-06-23 17:43:30,527 - INFO - Aranan grafik dosyası: C:\Users\mhmtm\Desktop\project\Project\master\app\static\outputs\proj123_raw.html
2025-06-23 17:43:32,523 - INFO - Aranan grafik dosyası: C:\Users\mhmtm\Desktop\project\Project\master\app\static\outputs\proj123_raw.html
2025-06-23 17:43:34,524 - INFO - Aranan grafik dosyası: C:\Users\mhmtm\Desktop\project\Project\master\app\static\outputs\proj123_raw.html
2025-06-23 17:43:36,516 - INFO - Aranan grafik dosyası: C:\Users\mhmtm\Desktop\project\Project\master\app\static\outputs\proj123_raw.html
2025-06-23 17:43:39,127 - INFO - Aranan grafik dosyası: C:\Users\mhmtm\Desktop\project\Project\master\app\static\outputs\proj123_raw.html
2025-06-23 17:43:41,123 - INFO - Aranan grafik dosyası: C:\Users\mhmtm\Desktop\project\Project\master\app\static\outputs\proj123_raw.html
2025-06-23 17:43:42,995 - INFO - Aranan grafik dosyası: C:\Users\mhmtm\Desktop\project\Project\master\app\static\outputs\proj123_raw.html
2025-06-23 17:43:44,524 - INFO - Aranan grafik dosyası: C:\Users\mhmtm\Desktop\project\Project\master\app\static\outputs\proj123_raw.html
2025-06-23 17:43:46,528 - INFO - Aranan grafik dosyası: C:\Users\mhmtm\Desktop\project\Project\master\app\static\outputs\proj123_raw.html
2025-06-23 17:43:48,525 - INFO - Aranan grafik dosyası: C:\Users\mhmtm\Desktop\project\Project\master\app\static\outputs\proj123_raw.html
2025-06-23 17:43:50,524 - INFO - Aranan grafik dosyası: C:\Users\mhmtm\Desktop\project\Project\master\app\static\outputs\proj123_raw.html
2025-06-23 17:43:52,523 - INFO - Aranan grafik dosyası: C:\Users\mhmtm\Desktop\project\Project\master\app\static\outputs\proj123_raw.html
2025-06-23 17:43:54,520 - INFO - Aranan grafik dosyası: C:\Users\mhmtm\Desktop\project\Project\master\app\static\outputs\proj123_raw.html
2025-06-23 17:43:56,520 - INFO - Aranan grafik dosyası: C:\Users\mhmtm\Desktop\project\Project\master\app\static\outputs\proj123_raw.html
2025-06-23 17:43:58,529 - INFO - Aranan grafik dosyası: C:\Users\mhmtm\Desktop\project\Project\master\app\static\outputs\proj123_raw.html
2025-06-23 17:44:00,537 - INFO - Aranan grafik dosyası: C:\Users\mhmtm\Desktop\project\Project\master\app\static\outputs\proj123_raw.html
2025-06-23 17:44:02,521 - INFO - Aranan grafik dosyası: C:\Users\mhmtm\Desktop\project\Project\master\app\static\outputs\proj123_raw.html
2025-06-23 17:45:10,163 - INFO - Disk'ten veri okunup önbelleğe alındı: Amazon stock data 2000-2025.csv
2025-06-23 17:45:10,164 - INFO - Dosya başarıyla okundu: C:\Users\mhmtm\Desktop\project\Project\master\uploads\Amazon stock data 2000-2025.csv
2025-06-23 17:45:10,165 - INFO - Önbellekten veri getiriliyor: Amazon stock data 2000-2025.csv
2025-06-23 17:45:10,284 - INFO - State machine işlemi tamamlandı. İşlenmiş veri şuraya kaydedildi: C:\Users\mhmtm\Desktop\project\Project\master\app/static/temp\processed_e1c66f39bfe043ef8aad0db0e613f2df.csv
2025-06-23 17:45:12,180 - INFO - Aranan JSON grafik dosyası: C:\Users\mhmtm\Desktop\project\Project\master\app\static\outputs\asdasdas_raw.json
2025-06-23 17:45:14,184 - INFO - Aranan JSON grafik dosyası: C:\Users\mhmtm\Desktop\project\Project\master\app\static\outputs\asdasdas_raw.json
2025-06-23 17:45:16,177 - INFO - Aranan JSON grafik dosyası: C:\Users\mhmtm\Desktop\project\Project\master\app\static\outputs\asdasdas_raw.json
2025-06-23 17:45:18,173 - INFO - Aranan JSON grafik dosyası: C:\Users\mhmtm\Desktop\project\Project\master\app\static\outputs\asdasdas_raw.json
2025-06-23 17:45:21,109 - INFO - Aranan JSON grafik dosyası: C:\Users\mhmtm\Desktop\project\Project\master\app\static\outputs\asdasdas_raw.json
2025-06-23 17:45:23,108 - INFO - Aranan JSON grafik dosyası: C:\Users\mhmtm\Desktop\project\Project\master\app\static\outputs\asdasdas_raw.json
2025-06-23 17:45:25,113 - INFO - Aranan JSON grafik dosyası: C:\Users\mhmtm\Desktop\project\Project\master\app\static\outputs\asdasdas_raw.json
2025-06-23 17:45:27,111 - INFO - Aranan JSON grafik dosyası: C:\Users\mhmtm\Desktop\project\Project\master\app\static\outputs\asdasdas_raw.json
2025-06-23 17:45:29,107 - INFO - Aranan JSON grafik dosyası: C:\Users\mhmtm\Desktop\project\Project\master\app\static\outputs\asdasdas_raw.json
2025-06-23 17:45:31,116 - INFO - Aranan JSON grafik dosyası: C:\Users\mhmtm\Desktop\project\Project\master\app\static\outputs\asdasdas_raw.json
2025-06-23 17:45:33,113 - INFO - Aranan JSON grafik dosyası: C:\Users\mhmtm\Desktop\project\Project\master\app\static\outputs\asdasdas_raw.json
2025-06-23 17:45:35,114 - INFO - Aranan JSON grafik dosyası: C:\Users\mhmtm\Desktop\project\Project\master\app\static\outputs\asdasdas_raw.json
2025-06-23 17:45:36,184 - INFO - Aranan JSON grafik dosyası: C:\Users\mhmtm\Desktop\project\Project\master\app\static\outputs\asdasdas_raw.json
2025-06-23 17:45:38,190 - INFO - Aranan JSON grafik dosyası: C:\Users\mhmtm\Desktop\project\Project\master\app\static\outputs\asdasdas_raw.json
2025-06-23 17:45:40,186 - INFO - Aranan JSON grafik dosyası: C:\Users\mhmtm\Desktop\project\Project\master\app\static\outputs\asdasdas_raw.json
2025-06-23 17:45:43,118 - INFO - Aranan JSON grafik dosyası: C:\Users\mhmtm\Desktop\project\Project\master\app\static\outputs\asdasdas_raw.json
2025-06-23 17:45:45,114 - INFO - Aranan JSON grafik dosyası: C:\Users\mhmtm\Desktop\project\Project\master\app\static\outputs\asdasdas_raw.json
2025-06-23 17:45:47,119 - INFO - Aranan JSON grafik dosyası: C:\Users\mhmtm\Desktop\project\Project\master\app\static\outputs\asdasdas_raw.json
2025-06-23 17:45:49,111 - INFO - Aranan JSON grafik dosyası: C:\Users\mhmtm\Desktop\project\Project\master\app\static\outputs\asdasdas_raw.json
2025-06-23 17:45:51,109 - INFO - Aranan JSON grafik dosyası: C:\Users\mhmtm\Desktop\project\Project\master\app\static\outputs\asdasdas_raw.json
