Log testi: 2025-06-23T18:16:49.659495
2025-06-23 18:16:49,662 - INFO - Flask logging başlatıldı
2025-06-23 18:17:06,987 - INFO - Disk'ten veri okunup önbelleğe alındı: Amazon stock data 2000-2025.csv
2025-06-23 18:17:06,988 - INFO - Dosya başarıyla okundu: C:\Users\mhmtm\Desktop\project\Project\master\uploads\Amazon stock data 2000-2025.csv
2025-06-23 18:17:06,991 - INFO - Önbellekten veri getiriliyor: Amazon stock data 2000-2025.csv
2025-06-23 18:17:08,464 - INFO - State machine işlemi tamamlandı. İşlenmiş veri şuraya kaydedildi: C:\Users\mhmtm\Desktop\project\Project\master\app/static/temp\processed_cc6c0bdc20e94ec48f224ca1773cf926.csv
2025-06-23 18:17:09,029 - INFO - Aranan JSON grafik dosyası: C:\Users\mhmtm\Desktop\project\Project\master\app\static\outputs\emin8_raw.json
2025-06-23 18:17:11,120 - INFO - Aranan JSON grafik dosyası: C:\Users\mhmtm\Desktop\project\Project\master\app\static\outputs\emin8_raw.json
2025-06-23 18:17:13,117 - INFO - Aranan JSON grafik dosyası: C:\Users\mhmtm\Desktop\project\Project\master\app\static\outputs\emin8_raw.json
2025-06-23 18:17:15,116 - INFO - Aranan JSON grafik dosyası: C:\Users\mhmtm\Desktop\project\Project\master\app\static\outputs\emin8_raw.json
2025-06-23 18:17:17,110 - INFO - Aranan JSON grafik dosyası: C:\Users\mhmtm\Desktop\project\Project\master\app\static\outputs\emin8_raw.json
2025-06-23 18:17:19,116 - INFO - Aranan JSON grafik dosyası: C:\Users\mhmtm\Desktop\project\Project\master\app\static\outputs\emin8_raw.json
2025-06-23 18:17:21,120 - INFO - Aranan JSON grafik dosyası: C:\Users\mhmtm\Desktop\project\Project\master\app\static\outputs\emin8_raw.json
2025-06-23 18:17:23,110 - INFO - Aranan JSON grafik dosyası: C:\Users\mhmtm\Desktop\project\Project\master\app\static\outputs\emin8_raw.json
2025-06-23 18:17:25,113 - INFO - Aranan JSON grafik dosyası: C:\Users\mhmtm\Desktop\project\Project\master\app\static\outputs\emin8_raw.json
2025-06-23 18:17:27,120 - INFO - Aranan JSON grafik dosyası: C:\Users\mhmtm\Desktop\project\Project\master\app\static\outputs\emin8_raw.json
2025-06-23 18:17:29,112 - INFO - Aranan JSON grafik dosyası: C:\Users\mhmtm\Desktop\project\Project\master\app\static\outputs\emin8_raw.json
2025-06-23 18:17:31,113 - INFO - Aranan JSON grafik dosyası: C:\Users\mhmtm\Desktop\project\Project\master\app\static\outputs\emin8_raw.json
2025-06-23 18:17:33,120 - INFO - Aranan JSON grafik dosyası: C:\Users\mhmtm\Desktop\project\Project\master\app\static\outputs\emin8_raw.json
2025-06-23 18:17:35,110 - INFO - Aranan JSON grafik dosyası: C:\Users\mhmtm\Desktop\project\Project\master\app\static\outputs\emin8_raw.json
2025-06-23 18:17:37,122 - INFO - Aranan JSON grafik dosyası: C:\Users\mhmtm\Desktop\project\Project\master\app\static\outputs\emin8_raw.json
2025-06-23 18:17:39,123 - INFO - Aranan JSON grafik dosyası: C:\Users\mhmtm\Desktop\project\Project\master\app\static\outputs\emin8_raw.json
2025-06-23 18:17:41,109 - INFO - Aranan JSON grafik dosyası: C:\Users\mhmtm\Desktop\project\Project\master\app\static\outputs\emin8_raw.json
2025-06-23 18:17:43,110 - INFO - Aranan JSON grafik dosyası: C:\Users\mhmtm\Desktop\project\Project\master\app\static\outputs\emin8_raw.json
2025-06-23 18:17:45,108 - INFO - Aranan JSON grafik dosyası: C:\Users\mhmtm\Desktop\project\Project\master\app\static\outputs\emin8_raw.json
2025-06-23 18:17:47,123 - INFO - Aranan JSON grafik dosyası: C:\Users\mhmtm\Desktop\project\Project\master\app\static\outputs\emin8_raw.json
