Log testi: 2025-06-21T18:59:41.072147
2025-06-21 18:59:41,075 - INFO - Flask logging başlatıldı
2025-06-21 18:59:57,227 - INFO - Dosya başarıyla okundu: C:\Users\mhmtm\Desktop\project\Project\master\uploads\Amazon stock data 2000-2025.csv
2025-06-21 18:59:57,371 - INFO - State machine işlemi tamamlandı. İşlenmiş veri şuraya kaydedildi: C:\Users\mhmtm\Desktop\project\Project\master\app/static/temp\processed_63b4cd2d721f4c80b98872c52e40ea08.csv
2025-06-21 19:04:05,322 - INFO - Dosya başarıyla okundu: C:\Users\mhmtm\Desktop\project\Project\master\uploads\Amazon stock data 2000-2025.csv
2025-06-21 19:04:05,440 - INFO - State machine işlemi tamamlandı. İşlenmiş veri şuraya kaydedildi: C:\Users\mhmtm\Desktop\project\Project\master\app/static/temp\processed_c11b847e744248d0a6e085d815cceff5.csv
2025-06-21 19:04:07,356 - INFO - Aranan grafik dosyası: C:\Users\mhmtm\Desktop\project\Project\master\app\static\outputs\adsdasdas_raw.html
2025-06-21 19:04:09,365 - INFO - Aranan grafik dosyası: C:\Users\mhmtm\Desktop\project\Project\master\app\static\outputs\adsdasdas_raw.html
2025-06-21 19:04:11,360 - INFO - Aranan grafik dosyası: C:\Users\mhmtm\Desktop\project\Project\master\app\static\outputs\adsdasdas_raw.html
2025-06-21 19:04:14,142 - INFO - Aranan grafik dosyası: C:\Users\mhmtm\Desktop\project\Project\master\app\static\outputs\adsdasdas_raw.html
2025-06-21 19:04:16,142 - INFO - Aranan grafik dosyası: C:\Users\mhmtm\Desktop\project\Project\master\app\static\outputs\adsdasdas_raw.html
2025-06-21 19:04:18,133 - INFO - Aranan grafik dosyası: C:\Users\mhmtm\Desktop\project\Project\master\app\static\outputs\adsdasdas_raw.html
2025-06-21 19:04:20,139 - INFO - Aranan grafik dosyası: C:\Users\mhmtm\Desktop\project\Project\master\app\static\outputs\adsdasdas_raw.html
2025-06-21 19:04:22,131 - INFO - Aranan grafik dosyası: C:\Users\mhmtm\Desktop\project\Project\master\app\static\outputs\adsdasdas_raw.html
2025-06-21 19:04:24,146 - INFO - Aranan grafik dosyası: C:\Users\mhmtm\Desktop\project\Project\master\app\static\outputs\adsdasdas_raw.html
2025-06-21 19:04:26,138 - INFO - Aranan grafik dosyası: C:\Users\mhmtm\Desktop\project\Project\master\app\static\outputs\adsdasdas_raw.html
2025-06-21 19:04:28,136 - INFO - Aranan grafik dosyası: C:\Users\mhmtm\Desktop\project\Project\master\app\static\outputs\adsdasdas_raw.html
2025-06-21 19:04:30,132 - INFO - Aranan grafik dosyası: C:\Users\mhmtm\Desktop\project\Project\master\app\static\outputs\adsdasdas_raw.html
2025-06-21 19:04:32,133 - INFO - Aranan grafik dosyası: C:\Users\mhmtm\Desktop\project\Project\master\app\static\outputs\adsdasdas_raw.html
2025-06-21 19:04:34,133 - INFO - Aranan grafik dosyası: C:\Users\mhmtm\Desktop\project\Project\master\app\static\outputs\adsdasdas_raw.html
2025-06-21 19:04:36,131 - INFO - Aranan grafik dosyası: C:\Users\mhmtm\Desktop\project\Project\master\app\static\outputs\adsdasdas_raw.html
2025-06-21 19:04:38,144 - INFO - Aranan grafik dosyası: C:\Users\mhmtm\Desktop\project\Project\master\app\static\outputs\adsdasdas_raw.html
2025-06-21 19:04:40,143 - INFO - Aranan grafik dosyası: C:\Users\mhmtm\Desktop\project\Project\master\app\static\outputs\adsdasdas_raw.html
2025-06-21 19:04:42,132 - INFO - Aranan grafik dosyası: C:\Users\mhmtm\Desktop\project\Project\master\app\static\outputs\adsdasdas_raw.html
2025-06-21 19:04:44,134 - INFO - Aranan grafik dosyası: C:\Users\mhmtm\Desktop\project\Project\master\app\static\outputs\adsdasdas_raw.html
2025-06-21 19:04:46,151 - INFO - Aranan grafik dosyası: C:\Users\mhmtm\Desktop\project\Project\master\app\static\outputs\adsdasdas_raw.html
2025-06-21 19:05:07,586 - INFO - Dosya başarıyla okundu: C:\Users\mhmtm\Desktop\project\Project\master\uploads\Amazon stock data 2000-2025.csv
2025-06-21 19:05:07,694 - INFO - State machine işlemi tamamlandı. İşlenmiş veri şuraya kaydedildi: C:\Users\mhmtm\Desktop\project\Project\master\app/static/temp\processed_e11d671faa3849b48375241ce674d04f.csv
2025-06-21 19:05:10,133 - INFO - Aranan grafik dosyası: C:\Users\mhmtm\Desktop\project\Project\master\app\static\outputs\emin_raw.html
2025-06-21 19:05:12,138 - INFO - Aranan grafik dosyası: C:\Users\mhmtm\Desktop\project\Project\master\app\static\outputs\emin_raw.html
2025-06-21 19:05:14,145 - INFO - Aranan grafik dosyası: C:\Users\mhmtm\Desktop\project\Project\master\app\static\outputs\emin_raw.html
2025-06-21 19:05:16,138 - INFO - Aranan grafik dosyası: C:\Users\mhmtm\Desktop\project\Project\master\app\static\outputs\emin_raw.html
2025-06-21 19:05:18,138 - INFO - Aranan grafik dosyası: C:\Users\mhmtm\Desktop\project\Project\master\app\static\outputs\emin_raw.html
2025-06-21 19:05:20,138 - INFO - Aranan grafik dosyası: C:\Users\mhmtm\Desktop\project\Project\master\app\static\outputs\emin_raw.html
2025-06-21 19:05:22,137 - INFO - Aranan grafik dosyası: C:\Users\mhmtm\Desktop\project\Project\master\app\static\outputs\emin_raw.html
2025-06-21 19:05:24,130 - INFO - Aranan grafik dosyası: C:\Users\mhmtm\Desktop\project\Project\master\app\static\outputs\emin_raw.html
2025-06-21 19:05:26,144 - INFO - Aranan grafik dosyası: C:\Users\mhmtm\Desktop\project\Project\master\app\static\outputs\emin_raw.html
2025-06-21 19:05:28,137 - INFO - Aranan grafik dosyası: C:\Users\mhmtm\Desktop\project\Project\master\app\static\outputs\emin_raw.html
2025-06-21 19:05:30,139 - INFO - Aranan grafik dosyası: C:\Users\mhmtm\Desktop\project\Project\master\app\static\outputs\emin_raw.html
2025-06-21 19:05:32,138 - INFO - Aranan grafik dosyası: C:\Users\mhmtm\Desktop\project\Project\master\app\static\outputs\emin_raw.html
2025-06-21 19:05:34,140 - INFO - Aranan grafik dosyası: C:\Users\mhmtm\Desktop\project\Project\master\app\static\outputs\emin_raw.html
2025-06-21 19:05:36,137 - INFO - Aranan grafik dosyası: C:\Users\mhmtm\Desktop\project\Project\master\app\static\outputs\emin_raw.html
2025-06-21 19:05:38,145 - INFO - Aranan grafik dosyası: C:\Users\mhmtm\Desktop\project\Project\master\app\static\outputs\emin_raw.html
2025-06-21 19:05:40,134 - INFO - Aranan grafik dosyası: C:\Users\mhmtm\Desktop\project\Project\master\app\static\outputs\emin_raw.html
2025-06-21 19:05:42,133 - INFO - Aranan grafik dosyası: C:\Users\mhmtm\Desktop\project\Project\master\app\static\outputs\emin_raw.html
2025-06-21 19:05:44,141 - INFO - Aranan grafik dosyası: C:\Users\mhmtm\Desktop\project\Project\master\app\static\outputs\emin_raw.html
2025-06-21 19:05:46,134 - INFO - Aranan grafik dosyası: C:\Users\mhmtm\Desktop\project\Project\master\app\static\outputs\emin_raw.html
2025-06-21 19:05:48,132 - INFO - Aranan grafik dosyası: C:\Users\mhmtm\Desktop\project\Project\master\app\static\outputs\emin_raw.html
