2025-06-21 19:44:56,852 - INFO - State Machine initialized. Project: emintry, Mode: visualize_only
2025-06-21 19:44:56,918 - INFO - Loading data...
2025-06-21 19:44:56,921 - INFO - Transitioning from INITIAL to VISUALIZATION
2025-06-21 19:44:56,928 - INFO - Entering VISUALIZATION state...
2025-06-21 19:44:58,864 - INFO - Visualization successful. Graph saved to app/static/outputs\emintry_raw.html
2025-06-21 19:44:58,946 - INFO - Transitioning from VISUALIZATION to FINAL
2025-06-21 19:44:58,950 - INFO - Finalizing data processing...
2025-06-21 19:44:58,981 - INFO - Processed data saved to C:\Users\mhmtm\Desktop\project\Project\master\app/static/temp\processed_ce74cb5ca70941678a7a5f0e50a8e436.csv
2025-06-21 19:44:59,007 - INFO - Transitioning from FINAL to COMPLETE
2025-06-21 19:44:59,012 - INFO - State machine finished. No further processing.
2025-06-21 19:44:59,050 - INFO - Redis flag set: state_machine:complete = 1
2025-06-21 19:53:14,455 - INFO - State Machine initialized. Project: emintry, Mode: full_manual
2025-06-21 19:53:14,460 - INFO - Loading data...
2025-06-21 19:53:14,467 - INFO - Transitioning from INITIAL to CLEANING
2025-06-21 19:53:14,481 - INFO - Performing data cleaning...
2025-06-21 19:53:14,514 - INFO - Transitioning from CLEANING to MANIPULATION
2025-06-21 19:53:14,518 - INFO - Performing data manipulation...
2025-06-21 19:53:14,526 - INFO - Transitioning from MANIPULATION to AUGMENTATION
2025-06-21 19:53:14,533 - INFO - Performing data augmentation...
2025-06-21 19:53:14,536 - INFO - Transitioning from AUGMENTATION to VISUALIZATION
2025-06-21 19:53:14,537 - INFO - Entering VISUALIZATION state...
2025-06-21 19:53:14,542 - ERROR - Visualization error details: project_name, plot_type ve x_col boş olamaz.
2025-06-21 19:53:14,562 - ERROR - Traceback: Traceback (most recent call last):
  File "C:\Users\mhmtm\Desktop\project\Project\master\python_scripts\state_machine.py", line 239, in process
    generator = GraphGenerator(
        data_df=self.data,
    ...<4 lines>...
        output_type=self.output_type
    )
  File "C:\Users\mhmtm\Desktop\project\Project\master\python_scripts\visualization.py", line 29, in __init__
    raise ValueError("project_name, plot_type ve x_col boş olamaz.")
ValueError: project_name, plot_type ve x_col boş olamaz.

2025-06-21 19:53:14,564 - INFO - Transitioning from VISUALIZATION to FINAL
2025-06-21 19:53:14,568 - INFO - Finalizing data processing...
2025-06-21 19:53:14,588 - INFO - Processed data saved to C:\Users\mhmtm\Desktop\project\Project\master\app/static/temp\processed_aa902ff2d5684ad7897955e079c26c6b.csv
2025-06-21 19:53:14,594 - INFO - Transitioning from FINAL to COMPLETE
2025-06-21 19:53:14,602 - INFO - State machine finished. No further processing.
2025-06-21 19:53:14,608 - INFO - Redis flag set: state_machine:complete = 1
