2025-06-21 20:07:51,500 - INFO - State Machine initialized. Project: dfsdfs, Mode: visualize_only
2025-06-21 20:07:51,563 - INFO - Loading data...
2025-06-21 20:07:51,568 - INFO - Transitioning from INITIAL to VISUALIZATION
2025-06-21 20:07:51,575 - INFO - Entering VISUALIZATION state...
2025-06-21 20:07:53,718 - INFO - Visualization successful. Graph saved to app/static/outputs\dfsdfs_raw.html
2025-06-21 20:07:53,765 - INFO - Transitioning from VISUALIZATION to FINAL
2025-06-21 20:07:53,768 - INFO - Finalizing data processing...
2025-06-21 20:07:53,878 - INFO - Processed data saved to C:\Users\mhmtm\Desktop\project\Project\master\app/static/temp\processed_e0aa0b4d09c644a7bf574ef95ad0dd35.csv
2025-06-21 20:07:53,923 - INFO - Transitioning from FINAL to COMPLETE
2025-06-21 20:07:53,925 - INFO - State machine finished. No further processing.
2025-06-21 20:07:53,928 - INFO - Redis flag set: state_machine:complete = 1
2025-06-21 20:08:06,532 - INFO - State Machine initialized. Project: dfsdfs, Mode: full_manual
2025-06-21 20:08:06,538 - INFO - Loading data...
2025-06-21 20:08:06,541 - INFO - Transitioning from INITIAL to CLEANING
2025-06-21 20:08:06,554 - INFO - Performing data cleaning...
2025-06-21 20:08:06,618 - INFO - Transitioning from CLEANING to MANIPULATION
2025-06-21 20:08:06,628 - INFO - Performing data manipulation...
2025-06-21 20:08:06,631 - INFO - Transitioning from MANIPULATION to AUGMENTATION
2025-06-21 20:08:06,634 - INFO - Performing data augmentation...
2025-06-21 20:08:06,639 - INFO - Transitioning from AUGMENTATION to VISUALIZATION
2025-06-21 20:08:06,643 - INFO - Entering VISUALIZATION state...
2025-06-21 20:08:06,647 - WARNING - Visualization parameters missing or incomplete (plot_type: None, x_col: None). Skipping visualization.
2025-06-21 20:08:06,648 - INFO - Transitioning from VISUALIZATION to FINAL
2025-06-21 20:08:06,650 - INFO - Finalizing data processing...
2025-06-21 20:08:06,781 - INFO - Processed data saved to C:\Users\mhmtm\Desktop\project\Project\master\app/static/temp\processed_57360025e20a48c9a1d925a7d6edc6dd.csv
2025-06-21 20:08:06,784 - INFO - Transitioning from FINAL to COMPLETE
2025-06-21 20:08:06,788 - INFO - State machine finished. No further processing.
2025-06-21 20:08:06,796 - INFO - Redis flag set: state_machine:complete = 1
2025-06-21 20:09:32,166 - INFO - State Machine initialized. Project: fdsfdsfsdf, Mode: visualize_only
2025-06-21 20:09:32,180 - INFO - Loading data...
2025-06-21 20:09:32,184 - INFO - Transitioning from INITIAL to VISUALIZATION
2025-06-21 20:09:32,188 - INFO - Entering VISUALIZATION state...
2025-06-21 20:09:32,714 - INFO - Visualization successful. Graph saved to app/static/outputs\fdsfdsfsdf_raw.html
2025-06-21 20:09:32,716 - INFO - Transitioning from VISUALIZATION to FINAL
2025-06-21 20:09:32,717 - INFO - Finalizing data processing...
2025-06-21 20:09:32,816 - INFO - Processed data saved to C:\Users\mhmtm\Desktop\project\Project\master\app/static/temp\processed_af1ad8b35c534d0cae94ba9fc515bea2.csv
2025-06-21 20:09:32,818 - INFO - Transitioning from FINAL to COMPLETE
2025-06-21 20:09:32,820 - INFO - State machine finished. No further processing.
2025-06-21 20:09:32,822 - INFO - Redis flag set: state_machine:complete = 1
2025-06-21 20:09:42,118 - INFO - State Machine initialized. Project: fdsfdsfsdf, Mode: full_manual
2025-06-21 20:09:42,120 - INFO - Loading data...
2025-06-21 20:09:42,124 - INFO - Transitioning from INITIAL to CLEANING
2025-06-21 20:09:42,127 - INFO - Performing data cleaning...
2025-06-21 20:09:42,185 - INFO - Transitioning from CLEANING to MANIPULATION
2025-06-21 20:09:42,192 - INFO - Performing data manipulation...
2025-06-21 20:09:42,197 - INFO - Transitioning from MANIPULATION to AUGMENTATION
2025-06-21 20:09:42,204 - INFO - Performing data augmentation...
2025-06-21 20:09:42,209 - INFO - Transitioning from AUGMENTATION to VISUALIZATION
2025-06-21 20:09:42,213 - INFO - Entering VISUALIZATION state...
2025-06-21 20:09:42,218 - WARNING - Visualization parameters missing or incomplete (plot_type: None, x_col: None). Skipping visualization.
2025-06-21 20:09:42,218 - INFO - Transitioning from VISUALIZATION to FINAL
2025-06-21 20:09:42,221 - INFO - Finalizing data processing...
2025-06-21 20:09:42,347 - INFO - Processed data saved to C:\Users\mhmtm\Desktop\project\Project\master\app/static/temp\processed_c345026bd33c493da4d2f6c42f563b52.csv
2025-06-21 20:09:42,350 - INFO - Transitioning from FINAL to COMPLETE
2025-06-21 20:09:42,352 - INFO - State machine finished. No further processing.
2025-06-21 20:09:42,356 - INFO - Redis flag set: state_machine:complete = 1
2025-06-21 20:17:22,144 - INFO - State Machine initialized. Project: dsadasd, Mode: visualize_only
2025-06-21 20:17:22,160 - INFO - Loading data...
2025-06-21 20:17:22,168 - INFO - Transitioning from INITIAL to VISUALIZATION
2025-06-21 20:17:22,171 - INFO - Entering VISUALIZATION state...
2025-06-21 20:17:22,823 - INFO - Visualization successful. Graph saved to app/static/outputs\dsadasd_raw.html
2025-06-21 20:17:22,860 - INFO - Transitioning from VISUALIZATION to FINAL
2025-06-21 20:17:22,861 - INFO - Finalizing data processing...
2025-06-21 20:17:23,053 - INFO - Processed data saved to C:\Users\mhmtm\Desktop\project\Project\master\app/static/temp\processed_d03106e29c37464cbdd2e9ef2058d6e3.csv
2025-06-21 20:17:23,055 - INFO - Transitioning from FINAL to COMPLETE
2025-06-21 20:17:23,057 - INFO - State machine finished. No further processing.
2025-06-21 20:17:23,059 - INFO - Redis flag set: state_machine:complete = 1
2025-06-21 20:17:31,202 - INFO - State Machine initialized. Project: dsadasd, Mode: full_manual
2025-06-21 20:17:31,205 - INFO - Loading data...
2025-06-21 20:17:31,258 - INFO - Transitioning from INITIAL to CLEANING
2025-06-21 20:17:31,261 - INFO - Performing data cleaning...
2025-06-21 20:17:31,321 - INFO - Transitioning from CLEANING to MANIPULATION
2025-06-21 20:17:31,325 - INFO - Performing data manipulation...
2025-06-21 20:17:31,328 - INFO - Transitioning from MANIPULATION to AUGMENTATION
2025-06-21 20:17:31,331 - INFO - Performing data augmentation...
2025-06-21 20:17:31,336 - INFO - Transitioning from AUGMENTATION to VISUALIZATION
2025-06-21 20:17:31,339 - INFO - Entering VISUALIZATION state...
2025-06-21 20:17:31,341 - WARNING - Visualization parameters missing or incomplete (plot_type: None, x_col: None). Skipping visualization.
2025-06-21 20:17:31,341 - INFO - Transitioning from VISUALIZATION to FINAL
2025-06-21 20:17:31,344 - INFO - Finalizing data processing...
2025-06-21 20:17:31,571 - INFO - Processed data saved to C:\Users\mhmtm\Desktop\project\Project\master\app/static/temp\processed_9e0b90af582140c1affee1f8c1348f67.csv
2025-06-21 20:17:31,574 - INFO - Transitioning from FINAL to COMPLETE
2025-06-21 20:17:31,575 - INFO - State machine finished. No further processing.
2025-06-21 20:17:31,577 - INFO - Redis flag set: state_machine:complete = 1
