2025-06-21 19:41:12,462 - INFO - State Machine initialized. Project: adsdadad, Mode: visualize_only
2025-06-21 19:41:12,766 - INFO - Loading data...
2025-06-21 19:41:12,769 - INFO - Transitioning from INITIAL to VISUALIZATION
2025-06-21 19:41:12,773 - INFO - Entering VISUALIZATION state...
2025-06-21 19:41:14,450 - INFO - Visualization successful. Graph saved to app/static/outputs\adsdadad_raw.html
2025-06-21 19:41:14,492 - INFO - Transitioning from VISUALIZATION to FINAL
2025-06-21 19:41:14,494 - INFO - Finalizing data processing...
2025-06-21 19:41:14,529 - INFO - Processed data saved to C:\Users\mhmtm\Desktop\project\Project\master\app/static/temp\processed_3c50d9829b31402bacbeca72b9768a5c.csv
2025-06-21 19:41:14,542 - INFO - Transitioning from FINAL to COMPLETE
2025-06-21 19:41:14,544 - INFO - State machine finished. No further processing.
2025-06-21 19:41:14,548 - INFO - Redis flag set: state_machine:complete = 1
2025-06-21 19:41:46,641 - INFO - State Machine initialized. Project: adsdadad, Mode: visualize_only
2025-06-21 19:41:46,661 - INFO - Loading data...
2025-06-21 19:41:46,668 - INFO - Transitioning from INITIAL to VISUALIZATION
2025-06-21 19:41:46,672 - INFO - Entering VISUALIZATION state...
2025-06-21 19:41:47,179 - INFO - Visualization successful. Graph saved to app/static/outputs\adsdadad_raw.html
2025-06-21 19:41:47,209 - INFO - Transitioning from VISUALIZATION to FINAL
2025-06-21 19:41:47,210 - INFO - Finalizing data processing...
2025-06-21 19:41:47,303 - INFO - Processed data saved to C:\Users\mhmtm\Desktop\project\Project\master\app/static/temp\processed_be0c69e5fbee4ccb9de3ba837c9c0570.csv
2025-06-21 19:41:47,306 - INFO - Transitioning from FINAL to COMPLETE
2025-06-21 19:41:47,308 - INFO - State machine finished. No further processing.
2025-06-21 19:41:47,309 - INFO - Redis flag set: state_machine:complete = 1
