2025-06-21 18:59:57,229 - INFO - State Machine initialized. Project: asdasdasd, Mode: visualize_only
2025-06-21 18:59:57,260 - INFO - Loading data...
2025-06-21 18:59:57,263 - INFO - Transitioning from INITIAL to VISUALIZATION
2025-06-21 18:59:57,264 - INFO - Entering VISUALIZATION state...
2025-06-21 18:59:57,265 - ERROR - Visualization error details: 'GraphGenerator' object has no attribute 'generate_and_save'
2025-06-21 18:59:57,274 - ERROR - Traceback: Traceback (most recent call last):
  File "C:\Users\mhmtm\Desktop\project\Project\master\python_scripts\state_machine.py", line 249, in process
    saved_path = generator.generate_and_save()
                 ^^^^^^^^^^^^^^^^^^^^^^^^^^^
AttributeError: 'GraphGenerator' object has no attribute 'generate_and_save'

2025-06-21 18:59:57,276 - INFO - Transitioning from VISUALIZATION to FINAL
2025-06-21 18:59:57,278 - INFO - Finalizing data processing...
2025-06-21 18:59:57,363 - INFO - Processed data saved to C:\Users\mhmtm\Desktop\project\Project\master\app/static/temp\processed_63b4cd2d721f4c80b98872c52e40ea08.csv
2025-06-21 18:59:57,365 - INFO - Transitioning from FINAL to COMPLETE
2025-06-21 18:59:57,368 - INFO - State machine finished. No further processing.
2025-06-21 18:59:57,369 - INFO - Redis flag set: state_machine:complete = 1
2025-06-21 19:04:05,330 - INFO - State Machine initialized. Project: adsdasdas, Mode: visualize_only
2025-06-21 19:04:05,337 - INFO - Loading data...
2025-06-21 19:04:05,354 - INFO - Transitioning from INITIAL to VISUALIZATION
2025-06-21 19:04:05,356 - INFO - Entering VISUALIZATION state...
2025-06-21 19:04:05,360 - ERROR - Visualization error details: 'GraphGenerator' object has no attribute 'generate_and_save'
2025-06-21 19:04:05,364 - ERROR - Traceback: Traceback (most recent call last):
  File "C:\Users\mhmtm\Desktop\project\Project\master\python_scripts\state_machine.py", line 249, in process
    saved_path = generator.generate_and_save()
                 ^^^^^^^^^^^^^^^^^^^^^^^^^^^
AttributeError: 'GraphGenerator' object has no attribute 'generate_and_save'

2025-06-21 19:04:05,364 - INFO - Transitioning from VISUALIZATION to FINAL
2025-06-21 19:04:05,367 - INFO - Finalizing data processing...
2025-06-21 19:04:05,435 - INFO - Processed data saved to C:\Users\mhmtm\Desktop\project\Project\master\app/static/temp\processed_c11b847e744248d0a6e085d815cceff5.csv
2025-06-21 19:04:05,436 - INFO - Transitioning from FINAL to COMPLETE
2025-06-21 19:04:05,437 - INFO - State machine finished. No further processing.
2025-06-21 19:04:05,439 - INFO - Redis flag set: state_machine:complete = 1
2025-06-21 19:05:07,587 - INFO - State Machine initialized. Project: emin, Mode: visualize_only
2025-06-21 19:05:07,589 - INFO - Loading data...
2025-06-21 19:05:07,597 - INFO - Transitioning from INITIAL to VISUALIZATION
2025-06-21 19:05:07,601 - INFO - Entering VISUALIZATION state...
2025-06-21 19:05:07,603 - ERROR - Visualization error details: 'GraphGenerator' object has no attribute 'generate_and_save'
2025-06-21 19:05:07,605 - ERROR - Traceback: Traceback (most recent call last):
  File "C:\Users\mhmtm\Desktop\project\Project\master\python_scripts\state_machine.py", line 249, in process
    saved_path = generator.generate_and_save()
                 ^^^^^^^^^^^^^^^^^^^^^^^^^^^
AttributeError: 'GraphGenerator' object has no attribute 'generate_and_save'

2025-06-21 19:05:07,606 - INFO - Transitioning from VISUALIZATION to FINAL
2025-06-21 19:05:07,608 - INFO - Finalizing data processing...
2025-06-21 19:05:07,688 - INFO - Processed data saved to C:\Users\mhmtm\Desktop\project\Project\master\app/static/temp\processed_e11d671faa3849b48375241ce674d04f.csv
2025-06-21 19:05:07,689 - INFO - Transitioning from FINAL to COMPLETE
2025-06-21 19:05:07,690 - INFO - State machine finished. No further processing.
2025-06-21 19:05:07,691 - INFO - Redis flag set: state_machine:complete = 1
