2025-06-21 19:28:42,859 - INFO - State Machine initialized. Project: emrelad, Mode: visualize_only
2025-06-21 19:28:42,890 - INFO - Loading data...
2025-06-21 19:28:42,891 - INFO - Transitioning from INITIAL to VISUALIZATION
2025-06-21 19:28:42,894 - INFO - Entering VISUALIZATION state...
2025-06-21 19:28:43,941 - INFO - Visualization successful. Graph saved to app/static/outputs\emrelad_raw.html
2025-06-21 19:28:43,960 - INFO - Transitioning from VISUALIZATION to FINAL
2025-06-21 19:28:43,963 - INFO - Finalizing data processing...
2025-06-21 19:28:44,050 - INFO - Processed data saved to C:\Users\mhmtm\Desktop\project\Project\master\app/static/temp\processed_8fbaa2d993eb49259b536200a68c3f1a.csv
2025-06-21 19:28:44,052 - INFO - Transitioning from FINAL to COMPLETE
2025-06-21 19:28:44,054 - INFO - State machine finished. No further processing.
2025-06-21 19:28:44,056 - INFO - Redis flag set: state_machine:complete = 1
2025-06-21 19:29:36,069 - INFO - State Machine initialized. Project: emrelad, Mode: visualize_only
2025-06-21 19:29:36,072 - INFO - Loading data...
2025-06-21 19:29:36,077 - INFO - Transitioning from INITIAL to VISUALIZATION
2025-06-21 19:29:36,079 - INFO - Entering VISUALIZATION state...
2025-06-21 19:29:36,302 - INFO - Visualization successful. Graph saved to app/static/outputs\emrelad_raw.html
2025-06-21 19:29:36,319 - INFO - Transitioning from VISUALIZATION to FINAL
2025-06-21 19:29:36,322 - INFO - Finalizing data processing...
2025-06-21 19:29:36,345 - INFO - Processed data saved to C:\Users\mhmtm\Desktop\project\Project\master\app/static/temp\processed_8a22586871e44acfba35b36a34eb8741.csv
2025-06-21 19:29:36,349 - INFO - Transitioning from FINAL to COMPLETE
2025-06-21 19:29:36,352 - INFO - State machine finished. No further processing.
2025-06-21 19:29:36,356 - INFO - Redis flag set: state_machine:complete = 1
