2025-06-23 17:28:43,305 - INFO - State Machine initialized. Project: sdadasddas, Mode: visualize_only
2025-06-23 17:28:43,329 - INFO - Loading data...
2025-06-23 17:28:43,331 - INFO - Transitioning from INITIAL to VISUALIZATION
2025-06-23 17:28:43,333 - INFO - Entering VISUALIZATION state...
2025-06-23 17:28:45,677 - INFO - Visualization successful. Graph saved to app/static/outputs\sdadasddas_raw.html
2025-06-23 17:28:45,700 - INFO - Transitioning from VISUALIZATION to FINAL
2025-06-23 17:28:45,702 - INFO - Finalizing data processing...
2025-06-23 17:28:45,730 - INFO - Processed data saved to C:\Users\mhmtm\Desktop\project\Project\master\app/static/temp\processed_19c87965ea264f2dae0877cf9de2c6b5.csv
2025-06-23 17:28:45,754 - INFO - Transitioning from FINAL to COMPLETE
2025-06-23 17:28:45,756 - INFO - State machine finished. No further processing.
2025-06-23 17:28:45,773 - INFO - Redis flag set: state_machine:complete = 1
2025-06-23 17:29:15,479 - INFO - State Machine initialized. Project: sdadasddas, Mode: full_manual
2025-06-23 17:29:15,482 - INFO - Loading data...
2025-06-23 17:29:15,483 - INFO - Transitioning from INITIAL to CLEANING
2025-06-23 17:29:15,484 - INFO - Performing data cleaning...
2025-06-23 17:29:15,514 - INFO - Transitioning from CLEANING to MANIPULATION
2025-06-23 17:29:15,517 - INFO - Performing data manipulation...
2025-06-23 17:29:15,519 - INFO - Transitioning from MANIPULATION to AUGMENTATION
2025-06-23 17:29:15,521 - INFO - Performing data augmentation...
2025-06-23 17:29:15,523 - INFO - Transitioning from AUGMENTATION to VISUALIZATION
2025-06-23 17:29:15,524 - INFO - Entering VISUALIZATION state...
2025-06-23 17:29:15,714 - INFO - Visualization successful. Graph saved to app/static/outputs\sdadasddas_refined.html
2025-06-23 17:29:15,715 - INFO - Transitioning from VISUALIZATION to FINAL
2025-06-23 17:29:15,716 - INFO - Finalizing data processing...
2025-06-23 17:29:15,735 - INFO - Processed data saved to C:\Users\mhmtm\Desktop\project\Project\master\app/static/temp\processed_6871d921465a40219d5fcbcb536afd78.csv
2025-06-23 17:29:15,737 - INFO - Transitioning from FINAL to COMPLETE
2025-06-23 17:29:15,737 - INFO - State machine finished. No further processing.
2025-06-23 17:29:15,739 - INFO - Redis flag set: state_machine:complete = 1
