2025-06-21 19:56:10,584 - INFO - State Machine initialized. Project: eminem, Mode: visualize_only
2025-06-21 19:56:10,672 - INFO - Loading data...
2025-06-21 19:56:10,678 - INFO - Transitioning from INITIAL to VISUALIZATION
2025-06-21 19:56:10,683 - INFO - Entering VISUALIZATION state...
2025-06-21 19:56:12,748 - INFO - Visualization successful. Graph saved to app/static/outputs\eminem_raw.html
2025-06-21 19:56:12,779 - INFO - Transitioning from VISUALIZATION to FINAL
2025-06-21 19:56:12,783 - INFO - Finalizing data processing...
2025-06-21 19:56:12,800 - INFO - Processed data saved to C:\Users\mhmtm\Desktop\project\Project\master\app/static/temp\processed_36ce44cc51ae44edbd72e310d4c315d8.csv
2025-06-21 19:56:12,834 - INFO - Transitioning from FINAL to COMPLETE
2025-06-21 19:56:12,839 - INFO - State machine finished. No further processing.
2025-06-21 19:56:12,856 - INFO - Redis flag set: state_machine:complete = 1
2025-06-21 19:56:22,499 - INFO - State Machine initialized. Project: eminem, Mode: full_manual
2025-06-21 19:56:22,501 - INFO - Loading data...
2025-06-21 19:56:22,514 - INFO - Transitioning from INITIAL to CLEANING
2025-06-21 19:56:22,526 - INFO - Performing data cleaning...
2025-06-21 19:56:22,542 - INFO - Transitioning from CLEANING to MANIPULATION
2025-06-21 19:56:22,547 - INFO - Performing data manipulation...
2025-06-21 19:56:22,556 - INFO - Transitioning from MANIPULATION to AUGMENTATION
2025-06-21 19:56:22,559 - INFO - Performing data augmentation...
2025-06-21 19:56:22,562 - INFO - Transitioning from AUGMENTATION to VISUALIZATION
2025-06-21 19:56:22,564 - INFO - Entering VISUALIZATION state...
2025-06-21 19:56:22,600 - WARNING - Visualization parameters missing or incomplete (plot_type: None, x_col: None). Skipping visualization.
2025-06-21 19:56:22,601 - INFO - Transitioning from VISUALIZATION to FINAL
2025-06-21 19:56:22,608 - INFO - Finalizing data processing...
2025-06-21 19:56:22,637 - INFO - Processed data saved to C:\Users\mhmtm\Desktop\project\Project\master\app/static/temp\processed_3f6ba7cca6094f378aceb29fc9be694d.csv
2025-06-21 19:56:22,645 - INFO - Transitioning from FINAL to COMPLETE
2025-06-21 19:56:22,652 - INFO - State machine finished. No further processing.
2025-06-21 19:56:22,661 - INFO - Redis flag set: state_machine:complete = 1
